Archive member included to satisfy reference by file (symbol)

app/libapp.a(main.c.obj)      (--whole-archive)
zephyr/libzephyr.a(heap.c.obj)
                              (--whole-archive)
zephyr/libzephyr.a(cbprintf_packaged.c.obj)
                              (--whole-archive)
zephyr/libzephyr.a(printk.c.obj)
                              (--whole-archive)
zephyr/libzephyr.a(sem.c.obj)
                              (--whole-archive)
zephyr/libzephyr.a(thread_entry.c.obj)
                              (--whole-archive)
zephyr/libzephyr.a(cbprintf_complete.c.obj)
                              (--whole-archive)
zephyr/libzephyr.a(assert.c.obj)
                              (--whole-archive)
zephyr/libzephyr.a(dec.c.obj)
                              (--whole-archive)
zephyr/libzephyr.a(hex.c.obj)
                              (--whole-archive)
zephyr/libzephyr.a(rb.c.obj)  (--whole-archive)
zephyr/libzephyr.a(timeutil.c.obj)
                              (--whole-archive)
zephyr/libzephyr.a(bitarray.c.obj)
                              (--whole-archive)
zephyr/libzephyr.a(onoff.c.obj)
                              (--whole-archive)
zephyr/libzephyr.a(notify.c.obj)
                              (--whole-archive)
zephyr/libzephyr.a(configs.c.obj)
                              (--whole-archive)
zephyr/libzephyr.a(thread_info.c.obj)
                              (--whole-archive)
zephyr/libzephyr.a(mem_attr.c.obj)
                              (--whole-archive)
zephyr/libzephyr.a(tracing_none.c.obj)
                              (--whole-archive)
zephyr/libzephyr.a(banner.c.obj)
                              (--whole-archive)
zephyr/libzephyr.a(hci_vs_sdc.c.obj)
                              (--whole-archive)
zephyr/libzephyr.a(host_extensions.c.obj)
                              (--whole-archive)
zephyr/libzephyr.a(flash_map_partition_manager.c.obj)
                              (--whole-archive)
zephyr/libzephyr.a(utils.c.obj)
                              (--whole-archive)
zephyr/libzephyr.a(aes_decrypt.c.obj)
                              (--whole-archive)
zephyr/libzephyr.a(aes_encrypt.c.obj)
                              (--whole-archive)
zephyr/libzephyr.a(cmac_mode.c.obj)
                              (--whole-archive)
zephyr/libzephyr.a(nrf_cc3xx_platform_abort_zephyr.c.obj)
                              (--whole-archive)
zephyr/libzephyr.a(nrf_cc3xx_platform_mutex_zephyr.c.obj)
                              (--whole-archive)
zephyr/arch/common/libarch__common.a(sw_isr_common.c.obj)
                              (--whole-archive)
zephyr/arch/arch/arm/core/libarch__arm__core.a(fatal.c.obj)
                              (--whole-archive)
zephyr/arch/arch/arm/core/libarch__arm__core.a(nmi.c.obj)
                              (--whole-archive)
zephyr/arch/arch/arm/core/libarch__arm__core.a(nmi_on_reset.S.obj)
                              (--whole-archive)
zephyr/arch/arch/arm/core/libarch__arm__core.a(tls.c.obj)
                              (--whole-archive)
zephyr/arch/arch/arm/core/cortex_m/libarch__arm__core__cortex_m.a(exc_exit.c.obj)
                              (--whole-archive)
zephyr/arch/arch/arm/core/cortex_m/libarch__arm__core__cortex_m.a(fault.c.obj)
                              (--whole-archive)
zephyr/arch/arch/arm/core/cortex_m/libarch__arm__core__cortex_m.a(fault_s.S.obj)
                              (--whole-archive)
zephyr/arch/arch/arm/core/cortex_m/libarch__arm__core__cortex_m.a(fpu.c.obj)
                              (--whole-archive)
zephyr/arch/arch/arm/core/cortex_m/libarch__arm__core__cortex_m.a(reset.S.obj)
                              (--whole-archive)
zephyr/arch/arch/arm/core/cortex_m/libarch__arm__core__cortex_m.a(scb.c.obj)
                              (--whole-archive)
zephyr/arch/arch/arm/core/cortex_m/libarch__arm__core__cortex_m.a(thread_abort.c.obj)
                              (--whole-archive)
zephyr/arch/arch/arm/core/cortex_m/libarch__arm__core__cortex_m.a(vector_table.S.obj)
                              (--whole-archive)
zephyr/arch/arch/arm/core/cortex_m/libarch__arm__core__cortex_m.a(swap.c.obj)
                              (--whole-archive)
zephyr/arch/arch/arm/core/cortex_m/libarch__arm__core__cortex_m.a(swap_helper.S.obj)
                              (--whole-archive)
zephyr/arch/arch/arm/core/cortex_m/libarch__arm__core__cortex_m.a(irq_manage.c.obj)
                              (--whole-archive)
zephyr/arch/arch/arm/core/cortex_m/libarch__arm__core__cortex_m.a(prep_c.c.obj)
                              (--whole-archive)
zephyr/arch/arch/arm/core/cortex_m/libarch__arm__core__cortex_m.a(thread.c.obj)
                              (--whole-archive)
zephyr/arch/arch/arm/core/cortex_m/libarch__arm__core__cortex_m.a(cpu_idle.c.obj)
                              (--whole-archive)
[...]
Memory Configuration

Name             Origin             Length             Attributes
FLASH            0x0000000000000000 0x0000000000100000 xr
RAM              0x0000000020000000 0x0000000000040000 xw
IDT_LIST         0x00000000ffff7fff 0x0000000000008000 xw
*default*        0x0000000000000000 0xffffffffffffffff

Linker script and memory map

                0x000000000001a7c0                vfprintf = __l_vfprintf
                0x0000000000000000                vfscanf = __l_vfscanf
LOAD zephyr/CMakeFiles/zephyr_final.dir/misc/empty_file.c.obj
LOAD zephyr/CMakeFiles/zephyr_final.dir/isr_tables.c.obj
LOAD zephyr/CMakeFiles/offsets.dir/./arch/arm/core/offsets/offsets.c.obj
LOAD app/libapp.a
LOAD zephyr/libzephyr.a
LOAD zephyr/arch/common/libarch__common.a
LOAD zephyr/arch/arch/arm/core/libarch__arm__core.a
LOAD zephyr/arch/arch/arm/core/cortex_m/libarch__arm__core__cortex_m.a
LOAD zephyr/arch/arch/arm/core/mpu/libarch__arm__core__mpu.a
LOAD zephyr/lib/libc/picolibc/liblib__libc__picolibc.a
LOAD zephyr/lib/libc/common/liblib__libc__common.a
LOAD zephyr/lib/net_buf/liblib__net_buf.a
LOAD zephyr/soc/soc/nrf52840/libsoc__nordic.a
LOAD zephyr/subsys/random/libsubsys__random.a
LOAD zephyr/subsys/bluetooth/common/libsubsys__bluetooth__common.a
LOAD zephyr/subsys/bluetooth/host/libsubsys__bluetooth__host.a
LOAD zephyr/drivers/clock_control/libdrivers__clock_control.a
LOAD zephyr/drivers/console/libdrivers__console.a
LOAD zephyr/drivers/entropy/libdrivers__entropy.a
LOAD zephyr/drivers/gpio/libdrivers__gpio.a
LOAD zephyr/drivers/pinctrl/libdrivers__pinctrl.a
LOAD zephyr/drivers/serial/libdrivers__serial.a
LOAD zephyr/drivers/timer/libdrivers__timer.a
LOAD modules/nrf/lib/dk_buttons_and_leds/lib..__nrf__lib__dk_buttons_and_leds.a
LOAD modules/nrf/lib/multithreading_lock/lib..__nrf__lib__multithreading_lock.a
LOAD modules/nrf/subsys/bluetooth/controller/lib..__nrf__subsys__bluetooth__controller.a
LOAD modules/nrf/subsys/mpsl/init/lib..__nrf__subsys__mpsl__init.a
LOAD modules/nrf/subsys/mpsl/fem/lib..__nrf__subsys__mpsl__fem.a
LOAD modules/nrf/drivers/hw_cc3xx/lib..__nrf__drivers__hw_cc3xx.a
LOAD modules/nrf/drivers/mpsl/clock_control/lib..__nrf__drivers__mpsl__clock_control.a
LOAD modules/hal_nordic/nrfx/libmodules__hal_nordic__nrfx.a
LOAD modules/segger/libmodules__segger.a
LOAD zephyr/kernel/libkernel.a
LOAD c:/ncs/toolchains/2d382dcd92/opt/zephyr-sdk/arm-zephyr-eabi/bin/../lib/gcc/arm-zephyr-eabi/12.2.0/thumb/v7e-m/nofp\libgcc.a
LOAD zephyr/arch/common/libisr_tables.a
LOAD C:/ncs/v2.8.0/nrfxlib/crypto/nrf_oberon/lib/cortex-m4/soft-float/liboberon_3.0.15.a
LOAD C:/ncs/v2.8.0/nrfxlib/crypto/nrf_cc310_platform/lib/cortex-m4/soft-float/no-interrupts/libnrf_cc310_platform_0.9.19.a
LOAD C:/ncs/v2.8.0/nrfxlib/softdevice_controller/lib/nrf52/soft-float/libsoftdevice_controller_central.a
LOAD C:/ncs/v2.8.0/nrfxlib/mpsl/fem/common/lib/nrf52/soft-float/libmpsl_fem_common.a
LOAD C:/ncs/v2.8.0/nrfxlib/mpsl/fem/nrf21540_gpio/lib/nrf52/soft-float/libmpsl_fem_nrf21540_gpio.a
LOAD C:/ncs/v2.8.0/nrfxlib/mpsl/fem/nrf21540_gpio_spi/lib/nrf52/soft-float/libmpsl_fem_nrf21540_gpio_spi.a
LOAD C:/ncs/v2.8.0/nrfxlib/mpsl/fem/nrf2220/lib/nrf52/soft-float/libmpsl_fem_nrf2220.a
LOAD C:/ncs/v2.8.0/nrfxlib/mpsl/fem/nrf2240/lib/nrf52/soft-float/libmpsl_fem_nrf2240.a
LOAD C:/ncs/v2.8.0/nrfxlib/mpsl/fem/nrf22xx/lib/nrf52/soft-float/libmpsl_fem_nrf22xx.a
LOAD C:/ncs/v2.8.0/nrfxlib/mpsl/fem/simple_gpio/lib/nrf52/soft-float/libmpsl_fem_simple_gpio.a
LOAD C:/ncs/v2.8.0/nrfxlib/mpsl/lib/nrf52/soft-float/libmpsl.a
LOAD c:\ncs\toolchains\2d382dcd92\opt\zephyr-sdk\arm-zephyr-eabi\bin\../lib/gcc/../../picolibc/arm-zephyr-eabi/lib/thumb/v7e-m/nofp\libc.a
LOAD c:/ncs/toolchains/2d382dcd92/opt/zephyr-sdk/arm-zephyr-eabi/bin/../lib/gcc/arm-zephyr-eabi/12.2.0/thumb/v7e-m/nofp\libgcc.a
                0x0000000000000020                _region_min_align = 0x20

.rel.plt        0x0000000000000000        0x0
 *(SORT_BY_ALIGNMENT(.rel.plt))
                [!provide]                        PROVIDE (__rel_iplt_start = .)
 *(SORT_BY_ALIGNMENT(.rel.iplt))
 .rel.iplt      0x0000000000000000        0x0 zephyr/CMakeFiles/zephyr_final.dir/isr_tables.c.obj
                [!provide]                        PROVIDE (__rel_iplt_end = .)

.rela.plt       0x0000000000000000        0x0
 *(SORT_BY_ALIGNMENT(.rela.plt))
                [!provide]                        PROVIDE (__rela_iplt_start = .)
 *(SORT_BY_ALIGNMENT(.rela.iplt))
                [!provide]                        PROVIDE (__rela_iplt_end = .)

.rel.dyn
 *(SORT_BY_ALIGNMENT(.rel.*))

.rela.dyn
 *(SORT_BY_ALIGNMENT(.rela.*))

/DISCARD/
 *(SORT_BY_ALIGNMENT(.plt))

/DISCARD/
 *(SORT_BY_ALIGNMENT(.iplt))
                0x0000000000000000                __rom_region_start = 0x0

rom_start       0x0000000000000000      0x100
                0x0000000000000000                __rom_start_address = .
 FILL mask 0x00
                0x0000000000000000                . = (. + (0x0 - (. - __rom_start_address)))
                0x0000000000000000                . = ALIGN (0x4)
                0x0000000000000000                . = ALIGN (0x80)
                0x0000000000000000                . = ALIGN (0x100)
                0x0000000000000000                _vector_start = .
 *(SORT_BY_ALIGNMENT(.exc_vector_table))
 *(SORT_BY_ALIGNMENT(.exc_vector_table.*))
 .exc_vector_table._vector_table_section
                0x0000000000000000       0x40 zephyr/arch/arch/arm/core/cortex_m/libarch__arm__core__cortex_m.a(vector_table.S.obj)
                0x0000000000000000                _vector_table
 *(SORT_BY_ALIGNMENT(.vectors))
                0x0000000000000100                _vector_end = .
                0x0000000000000040                . = ALIGN (0x4)
 *(SORT_BY_ALIGNMENT(.gnu.linkonce.irq_vector_table*))
 .gnu.linkonce.irq_vector_table
                0x0000000000000040       0xc0 zephyr/CMakeFiles/zephyr_final.dir/isr_tables.c.obj
                0x0000000000000040                _irq_vector_table
                0x0000000000000100                _vector_end = .

text            0x0000000000000100    0x1e810
                0x0000000000000100                __text_region_start = .
 *(SORT_BY_ALIGNMENT(.text))
 .text          0x0000000000000100       0x30 c:/ncs/toolchains/2d382dcd92/opt/zephyr-sdk/arm-zephyr-eabi/bin/../lib/gcc/arm-zephyr-eabi/12.2.0/thumb/v7e-m/nofp\libgcc.a(_aeabi_uldivmod.o)
                0x0000000000000100                __aeabi_uldivmod
 .text          0x0000000000000130        0x4 c:/ncs/toolchains/2d382dcd92/opt/zephyr-sdk/arm-zephyr-eabi/bin/../lib/gcc/arm-zephyr-eabi/12.2.0/thumb/v7e-m/nofp\libgcc.a(_dvmd_tls.o)
                0x0000000000000130                __aeabi_idiv0
                0x0000000000000130                __aeabi_ldiv0
 .text          0x0000000000000134      0x41c C:/ncs/v2.8.0/nrfxlib/crypto/nrf_oberon/lib/cortex-m4/soft-float/liboberon_3.0.15.a(ocrypto_bigint256.s.obj)
                0x0000000000000134                ocrypto_bigint_add256
                0x0000000000000174                ocrypto_bigint_sub256
                0x00000000000001b4                ocrypto_bigint_cadd256
                0x0000000000000210                ocrypto_bigint_csub256
                0x000000000000026c                ocrypto_bigint_cswap256
                0x00000000000002a0                ocrypto_mul256_noframe
                0x00000000000003f8                ocrypto_bigint_mul256
                0x0000000000000418                ocrypto_sqr256_noframe
                0x0000000000000530                ocrypto_bigint_sqr256
 .text          0x0000000000000550       0x5c C:/ncs/v2.8.0/nrfxlib/crypto/nrf_oberon/lib/cortex-m4/soft-float/liboberon_3.0.15.a(ocrypto_constant_time.s.obj)
                0x0000000000000550                ocrypto_constant_time_equal
                0x0000000000000578                ocrypto_constant_time_is_zero
                0x0000000000000594                ocrypto_constant_time_xor
 .text          0x00000000000005ac      0x1ec C:/ncs/v2.8.0/nrfxlib/crypto/nrf_oberon/lib/cortex-m4/soft-float/liboberon_3.0.15.a(ocrypto_mod_p256_base.s.obj)
                0x00000000000005ac                ocrypto_mod_p256_add
                0x0000000000000628                ocrypto_mod_p256_sub
                0x0000000000000738                ocrypto_mod_p256_mul
                0x0000000000000768                ocrypto_mod_p256_sqr
 .text          0x0000000000000798       0x38 C:/ncs/v2.8.0/nrfxlib/softdevice_controller/lib/nrf52/soft-float/libsoftdevice_controller_central.a(libsoftdevice_controller_s123_debug_soft__obfuscated.elf)
 .text          0x00000000000007d0       0x30 C:/ncs/v2.8.0/nrfxlib/softdevice_controller/lib/nrf52/soft-float/libsoftdevice_controller_central.a(libsoftdevice_controller_s123_debug_soft__obfuscated.elf)
 .text          0x0000000000000800       0x74 C:/ncs/v2.8.0/nrfxlib/softdevice_controller/lib/nrf52/soft-float/libsoftdevice_controller_central.a(libsoftdevice_controller_s123_debug_soft__obfuscated.elf)
                0x0000000000000800                sym_476LRB5XNUARAHCHHC7ZAIGPFC5VZ4W2N4467LI
 .text          0x0000000000000874       0x38 C:/ncs/v2.8.0/nrfxlib/softdevice_controller/lib/nrf52/soft-float/libsoftdevice_controller_central.a(libsoftdevice_controller_s123_debug_soft__obfuscated.elf)
 .text          0x00000000000008ac       0x84 C:/ncs/v2.8.0/nrfxlib/softdevice_controller/lib/nrf52/soft-float/libsoftdevice_controller_central.a(libsoftdevice_controller_s123_debug_soft__obfuscated.elf)
 .text          0x0000000000000930       0xe8 C:/ncs/v2.8.0/nrfxlib/softdevice_controller/lib/nrf52/soft-float/libsoftdevice_controller_central.a(libsoftdevice_controller_s123_debug_soft__obfuscated.elf)
 .text          0x0000000000000a18       0x84 C:/ncs/v2.8.0/nrfxlib/softdevice_controller/lib/nrf52/soft-float/libsoftdevice_controller_central.a(libsoftdevice_controller_s123_debug_soft__obfuscated.elf)
                0x0000000000000a18                sdc_init
 .text          0x0000000000000a9c       0x9c C:/ncs/v2.8.0/nrfxlib/softdevice_controller/lib/nrf52/soft-float/libsoftdevice_controller_central.a(libsoftdevice_controller_s123_debug_soft__obfuscated.elf)
                0x0000000000000a9c                sdc_cfg_set
 .text          0x0000000000000b38       0x6c C:/ncs/v2.8.0/nrfxlib/softdevice_controller/lib/nrf52/soft-float/libsoftdevice_controller_central.a(libsoftdevice_controller_s123_debug_soft__obfuscated.elf)
                0x0000000000000b38                sdc_enable
 .text          0x0000000000000ba4       0x28 C:/ncs/v2.8.0/nrfxlib/softdevice_controller/lib/nrf52/soft-float/libsoftdevice_controller_central.a(libsoftdevice_controller_s123_debug_soft__obfuscated.elf)
                0x0000000000000ba4                sdc_disable
 .text          0x0000000000000bcc       0x24 C:/ncs/v2.8.0/nrfxlib/softdevice_controller/lib/nrf52/soft-float/libsoftdevice_controller_central.a(libsoftdevice_controller_s123_debug_soft__obfuscated.elf)
                0x0000000000000bcc                sdc_build_revision_get
 .text          0x0000000000000bf0       0x34 C:/ncs/v2.8.0/nrfxlib/softdevice_controller/lib/nrf52/soft-float/libsoftdevice_controller_central.a(libsoftdevice_controller_s123_debug_soft__obfuscated.elf)
                0x0000000000000bf0                sdc_support_central
 .text          0x0000000000000c24       0x1c C:/ncs/v2.8.0/nrfxlib/softdevice_controller/lib/nrf52/soft-float/libsoftdevice_controller_central.a(libsoftdevice_controller_s123_debug_soft__obfuscated.elf)
                0x0000000000000c24                sdc_support_le_2m_phy
 .text          0x0000000000000c40       0x1c C:/ncs/v2.8.0/nrfxlib/softdevice_controller/lib/nrf52/soft-float/libsoftdevice_controller_central.a(libsoftdevice_controller_s123_debug_soft__obfuscated.elf)
                0x0000000000000c40                sdc_support_phy_update_central
 .text          0x0000000000000c5c       0x10 C:/ncs/v2.8.0/nrfxlib/softdevice_controller/lib/nrf52/soft-float/libsoftdevice_controller_central.a(libsoftdevice_controller_s123_debug_soft__obfuscated.elf)
                0x0000000000000c5c                sdc_rand_source_register
 .text          0x0000000000000c6c        0xc C:/ncs/v2.8.0/nrfxlib/softdevice_controller/lib/nrf52/soft-float/libsoftdevice_controller_central.a(libsoftdevice_controller_s123_debug_soft__obfuscated.elf)
                0x0000000000000c6c                sym_CVMXQJYKHZVHIOMGOYEICPLVAIQNUBL6USVNZSA
 .text          0x0000000000000c78       0x10 C:/ncs/v2.8.0/nrfxlib/softdevice_controller/lib/nrf52/soft-float/libsoftdevice_controller_central.a(libsoftdevice_controller_s123_debug_soft__obfuscated.elf)
                0x0000000000000c78                sym_EZ7BAEZZMYJFIJAONX254JF3WPGEXUT4NMP2WJQ
 .text          0x0000000000000c88       0x7c C:/ncs/v2.8.0/nrfxlib/softdevice_controller/lib/nrf52/soft-float/libsoftdevice_controller_central.a(libsoftdevice_controller_s123_debug_soft__obfuscated.elf)
                0x0000000000000c88                sym_MS2INTHZLDZMKZ5TZUDLWHPLKH3FLVZPA26JG6A
 .text          0x0000000000000d04       0x28 C:/ncs/v2.8.0/nrfxlib/softdevice_controller/lib/nrf52/soft-float/libsoftdevice_controller_central.a(libsoftdevice_controller_s123_debug_soft__obfuscated.elf)
                0x0000000000000d04                sym_TG7NSIC2UKHCUBZWZ4K4EMD5QRI2QVSKVKV6CFQ
 .text          0x0000000000000d2c       0x3c C:/ncs/v2.8.0/nrfxlib/softdevice_controller/lib/nrf52/soft-float/libsoftdevice_controller_central.a(libsoftdevice_controller_s123_debug_soft__obfuscated.elf)
                0x0000000000000d2c                sym_Z7NJGBYWCKFTEHRYWAIDKWPEUN45273QSWUA5CY
 .text          0x0000000000000d68       0x24 C:/ncs/v2.8.0/nrfxlib/softdevice_controller/lib/nrf52/soft-float/libsoftdevice_controller_central.a(libsoftdevice_controller_s123_debug_soft__obfuscated.elf)
                0x0000000000000d68                sym_TU2SMBIUC7JL6C3K2XB6727DQLBLV5LEGIMZAFQ
 .text          0x0000000000000d8c       0x10 C:/ncs/v2.8.0/nrfxlib/softdevice_controller/lib/nrf52/soft-float/libsoftdevice_controller_central.a(libsoftdevice_controller_s123_debug_soft__obfuscated.elf)
                0x0000000000000d8c                sym_CIVMWIRGIOQ374UFFPIFNN4ZGKYK2FRKTT6YRYA
 .text          0x0000000000000d9c       0x10 C:/ncs/v2.8.0/nrfxlib/softdevice_controller/lib/nrf52/soft-float/libsoftdevice_controller_central.a(libsoftdevice_controller_s123_debug_soft__obfuscated.elf)
                0x0000000000000d9c                sym_PPT6FEOF2T6DRALMCRRTUI7CHLEPBAN25HYV3KQ
 .text          0x0000000000000dac       0x20 C:/ncs/v2.8.0/nrfxlib/softdevice_controller/lib/nrf52/soft-float/libsoftdevice_controller_central.a(libsoftdevice_controller_s123_debug_soft__obfuscated.elf)
                0x0000000000000dac                sym_CEENVC5DZRUT7MGF5LABXKT4NV7YUL5F6EX6TEQ
 .text          0x0000000000000dcc        0xc C:/ncs/v2.8.0/nrfxlib/softdevice_controller/lib/nrf52/soft-float/libsoftdevice_controller_central.a(libsoftdevice_controller_s123_debug_soft__obfuscated.elf)
                0x0000000000000dcc                sym_G3KVRHCJDVHL7HV53526V3YI3DTK2IW2CADUWZQ
 .text          0x0000000000000dd8       0x1c C:/ncs/v2.8.0/nrfxlib/softdevice_controller/lib/nrf52/soft-float/libsoftdevice_controller_central.a(libsoftdevice_controller_s123_debug_soft__obfuscated.elf)
                0x0000000000000dd8                sdc_hci_cmd_cb_reset
 .text          0x0000000000000df4       0x48 C:/ncs/v2.8.0/nrfxlib/softdevice_controller/lib/nrf52/soft-float/libsoftdevice_controller_central.a(libsoftdevice_controller_s123_debug_soft__obfuscated.elf)
 .text          0x0000000000000e3c       0x40 C:/ncs/v2.8.0/nrfxlib/softdevice_controller/lib/nrf52/soft-float/libsoftdevice_controller_central.a(libsoftdevice_controller_s123_debug_soft__obfuscated.elf)
                0x0000000000000e3c                sym_T2KVJXUKBW7E6DZMIXB2ENUQYG6P2TBYLXO3PAY
 .text          0x0000000000000e7c       0x4c C:/ncs/v2.8.0/nrfxlib/softdevice_controller/lib/nrf52/soft-float/libsoftdevice_controller_central.a(libsoftdevice_controller_s123_debug_soft__obfuscated.elf)
 .text          0x0000000000000ec8       0x48 C:/ncs/v2.8.0/nrfxlib/softdevice_controller/lib/nrf52/soft-float/libsoftdevice_controller_central.a(libsoftdevice_controller_s123_debug_soft__obfuscated.elf)
                0x0000000000000ec8                sym_HJGZHHO77JF3TGWELSVWDOZTFCPAWAJURCFG3IY
 .text          0x0000000000000f10       0xa0 C:/ncs/v2.8.0/nrfxlib/softdevice_controller/lib/nrf52/soft-float/libsoftdevice_controller_central.a(libsoftdevice_controller_s123_debug_soft__obfuscated.elf)
                0x0000000000000f10                sym_XU5SZFZBMUUCUDZEEMM4IFIEXSHIDIGLJZ253XA
 .text          0x0000000000000fb0       0xe4 C:/ncs/v2.8.0/nrfxlib/softdevice_controller/lib/nrf52/soft-float/libsoftdevice_controller_central.a(libsoftdevice_controller_s123_debug_soft__obfuscated.elf)
                0x0000000000000fb0                sym_EQ53CEL7EDVHMFMHMFPRRQU46C5YKKFEBAACFOA
 .text          0x0000000000001094       0x70 C:/ncs/v2.8.0/nrfxlib/softdevice_controller/lib/nrf52/soft-float/libsoftdevice_controller_central.a(libsoftdevice_controller_s123_debug_soft__obfuscated.elf)
                0x0000000000001094                sym_DMJHGENWVWA7ILXIIOOHU6SYMMXUDCUFUUBACLQ
 .text          0x0000000000001104       0x7c C:/ncs/v2.8.0/nrfxlib/softdevice_controller/lib/nrf52/soft-float/libsoftdevice_controller_central.a(libsoftdevice_controller_s123_debug_soft__obfuscated.elf)
                0x0000000000001104                sym_7JFC7IFAJQVPYCQHAIUKZ626ISM3VUWBEEXY7WI
 .text          0x0000000000001180       0x2c C:/ncs/v2.8.0/nrfxlib/softdevice_controller/lib/nrf52/soft-float/libsoftdevice_controller_central.a(libsoftdevice_controller_s123_debug_soft__obfuscated.elf)
                0x0000000000001180                sym_5X75WALYYBUWN4XT5LYOZBIGSZHVNFKF5J4CSQI
 .text          0x00000000000011ac       0x48 C:/ncs/v2.8.0/nrfxlib/softdevice_controller/lib/nrf52/soft-float/libsoftdevice_controller_central.a(libsoftdevice_controller_s123_debug_soft__obfuscated.elf)
                0x00000000000011ac                sym_4AWF7EXI3MMHUULTY73E756U3IY5DEXOZ265MZY
 .text          0x00000000000011f4       0x40 C:/ncs/v2.8.0/nrfxlib/softdevice_controller/lib/nrf52/soft-float/libsoftdevice_controller_central.a(libsoftdevice_controller_s123_debug_soft__obfuscated.elf)
                0x00000000000011f4                sym_6I4XEOIW7LI2E3Z53L54ZHQQHYICXR4H4JQWXLA
 .text          0x0000000000001234       0x30 C:/ncs/v2.8.0/nrfxlib/softdevice_controller/lib/nrf52/soft-float/libsoftdevice_controller_central.a(libsoftdevice_controller_s123_debug_soft__obfuscated.elf)
                0x0000000000001234                sym_6DYG6C6ROXZA67GZINNB2XIQHL3KE2RCKK4QFXA
 .text          0x0000000000001264       0x7c C:/ncs/v2.8.0/nrfxlib/softdevice_controller/lib/nrf52/soft-float/libsoftdevice_controller_central.a(libsoftdevice_controller_s123_debug_soft__obfuscated.elf)
                0x0000000000001264                sym_24NU2MJKHN4R2Z7HXHMPDWTTDYSB32VL6HEQPZA
 .text          0x00000000000012e0       0x28 C:/ncs/v2.8.0/nrfxlib/softdevice_controller/lib/nrf52/soft-float/libsoftdevice_controller_central.a(libsoftdevice_controller_s123_debug_soft__obfuscated.elf)
                0x00000000000012e0                sym_3QFBRH4ZSIA64QP2I3K547Y5WIALGQTCBP5Y5SQ
 .text          0x0000000000001308        0xc C:/ncs/v2.8.0/nrfxlib/softdevice_controller/lib/nrf52/soft-float/libsoftdevice_controller_central.a(libsoftdevice_controller_s123_debug_soft__obfuscated.elf)
                0x0000000000001308                sym_NOQRMQ5IH6SQFJEPI5A3UBMITO54HG4WO4DTTXA
 .text          0x0000000000001314       0x5c C:/ncs/v2.8.0/nrfxlib/softdevice_controller/lib/nrf52/soft-float/libsoftdevice_controller_central.a(libsoftdevice_controller_s123_debug_soft__obfuscated.elf)
                0x0000000000001314                sym_E5WZNPP2DINHF6K4PHXLYLX5AXTYBQYGQESRSGQ
 .text          0x0000000000001370       0x20 C:/ncs/v2.8.0/nrfxlib/softdevice_controller/lib/nrf52/soft-float/libsoftdevice_controller_central.a(libsoftdevice_controller_s123_debug_soft__obfuscated.elf)
 .text          0x0000000000001390       0x10 C:/ncs/v2.8.0/nrfxlib/softdevice_controller/lib/nrf52/soft-float/libsoftdevice_controller_central.a(libsoftdevice_controller_s123_debug_soft__obfuscated.elf)
 .text          0x00000000000013a0        0xc C:/ncs/v2.8.0/nrfxlib/softdevice_controller/lib/nrf52/soft-float/libsoftdevice_controller_central.a(libsoftdevice_controller_s123_debug_soft__obfuscated.elf)
 .text          0x00000000000013ac       0x64 C:/ncs/v2.8.0/nrfxlib/softdevice_controller/lib/nrf52/soft-float/libsoftdevice_controller_central.a(libsoftdevice_controller_s123_debug_soft__obfuscated.elf)
 .text          0x0000000000001410       0x14 C:/ncs/v2.8.0/nrfxlib/softdevice_controller/lib/nrf52/soft-float/libsoftdevice_controller_central.a(libsoftdevice_controller_s123_debug_soft__obfuscated.elf)
 .text          0x0000000000001424       0x2c C:/ncs/v2.8.0/nrfxlib/softdevice_controller/lib/nrf52/soft-float/libsoftdevice_controller_central.a(libsoftdevice_controller_s123_debug_soft__obfuscated.elf)
 .text          0x0000000000001450       0x40 C:/ncs/v2.8.0/nrfxlib/softdevice_controller/lib/nrf52/soft-float/libsoftdevice_controller_central.a(libsoftdevice_controller_s123_debug_soft__obfuscated.elf)
 .text          0x0000000000001490      0x18c C:/ncs/v2.8.0/nrfxlib/softdevice_controller/lib/nrf52/soft-float/libsoftdevice_controller_central.a(libsoftdevice_controller_s123_debug_soft__obfuscated.elf)
 .text          0x000000000000161c      0x140 C:/ncs/v2.8.0/nrfxlib/softdevice_controller/lib/nrf52/soft-float/libsoftdevice_controller_central.a(libsoftdevice_controller_s123_debug_soft__obfuscated.elf)
 .text          0x000000000000175c       0x20 C:/ncs/v2.8.0/nrfxlib/softdevice_controller/lib/nrf52/soft-float/libsoftdevice_controller_central.a(libsoftdevice_controller_s123_debug_soft__obfuscated.elf)
                0x000000000000175c                sym_DOZBRJLK4YK3UIAPC27JGEBDCH5Y2BCX3XMRURY
 .text          0x000000000000177c       0x3c C:/ncs/v2.8.0/nrfxlib/softdevice_controller/lib/nrf52/soft-float/libsoftdevice_controller_central.a(libsoftdevice_controller_s123_debug_soft__obfuscated.elf)
                0x000000000000177c                sym_7TCX7VR3LQDB2G4LYUM4YUKX3ZVIO33J3JZVMKY
 .text          0x00000000000017b8       0x10 C:/ncs/v2.8.0/nrfxlib/softdevice_controller/lib/nrf52/soft-float/libsoftdevice_controller_central.a(libsoftdevice_controller_s123_debug_soft__obfuscated.elf)
                0x00000000000017b8                sym_DDEKRCVCBAV6DMR2JGOTTXJPMB6OW3IK3MJRV2Q
 .text          0x00000000000017c8      0x1ec C:/ncs/v2.8.0/nrfxlib/softdevice_controller/lib/nrf52/soft-float/libsoftdevice_controller_central.a(libsoftdevice_controller_s123_debug_soft__obfuscated.elf)
                0x00000000000017c8                sym_EXF7QYQZRNDSXD5BXX5JHASOOMIXFF6ILEF5NVA
 .text          0x00000000000019b4       0x2c C:/ncs/v2.8.0/nrfxlib/softdevice_controller/lib/nrf52/soft-float/libsoftdevice_controller_central.a(libsoftdevice_controller_s123_debug_soft__obfuscated.elf)
                0x00000000000019b4                sym_6BTYZXVNYPYTH2WUVFE5C5JVTZHQJAJ5IGD6OCA
 .text          0x00000000000019e0        0xc C:/ncs/v2.8.0/nrfxlib/softdevice_controller/lib/nrf52/soft-float/libsoftdevice_controller_central.a(libsoftdevice_controller_s123_debug_soft__obfuscated.elf)
                0x00000000000019e0                sym_UAPFH34IEHUX3FGU7LNPEIJNCLAPRJP46TMN4NY
 .text          0x00000000000019ec       0x88 C:/ncs/v2.8.0/nrfxlib/softdevice_controller/lib/nrf52/soft-float/libsoftdevice_controller_central.a(libsoftdevice_controller_s123_debug_soft__obfuscated.elf)
                0x00000000000019ec                sym_C4ZAWP4QAOEKUKS7VCLA6E4RPDOWCDVMBYVKPFI
 .text          0x0000000000001a74      0x340 C:/ncs/v2.8.0/nrfxlib/softdevice_controller/lib/nrf52/soft-float/libsoftdevice_controller_central.a(libsoftdevice_controller_s123_debug_soft__obfuscated.elf)
 .text          0x0000000000001db4       0x10 C:/ncs/v2.8.0/nrfxlib/softdevice_controller/lib/nrf52/soft-float/libsoftdevice_controller_central.a(libsoftdevice_controller_s123_debug_soft__obfuscated.elf)
 .text          0x0000000000001dc4       0x10 C:/ncs/v2.8.0/nrfxlib/softdevice_controller/lib/nrf52/soft-float/libsoftdevice_controller_central.a(libsoftdevice_controller_s123_debug_soft__obfuscated.elf)
 .text          0x0000000000001dd4       0x10 C:/ncs/v2.8.0/nrfxlib/softdevice_controller/lib/nrf52/soft-float/libsoftdevice_controller_central.a(libsoftdevice_controller_s123_debug_soft__obfuscated.elf)
 .text          0x0000000000001de4       0x1c C:/ncs/v2.8.0/nrfxlib/softdevice_controller/lib/nrf52/soft-float/libsoftdevice_controller_central.a(libsoftdevice_controller_s123_debug_soft__obfuscated.elf)
 .text          0x0000000000001e00       0x20 C:/ncs/v2.8.0/nrfxlib/softdevice_controller/lib/nrf52/soft-float/libsoftdevice_controller_central.a(libsoftdevice_controller_s123_debug_soft__obfuscated.elf)
 .text          0x0000000000001e20       0xc0 C:/ncs/v2.8.0/nrfxlib/softdevice_controller/lib/nrf52/soft-float/libsoftdevice_controller_central.a(libsoftdevice_controller_s123_debug_soft__obfuscated.elf)
 .text          0x0000000000001ee0       0x24 C:/ncs/v2.8.0/nrfxlib/softdevice_controller/lib/nrf52/soft-float/libsoftdevice_controller_central.a(libsoftdevice_controller_s123_debug_soft__obfuscated.elf)
 .text          0x0000000000001f04       0x98 C:/ncs/v2.8.0/nrfxlib/softdevice_controller/lib/nrf52/soft-float/libsoftdevice_controller_central.a(libsoftdevice_controller_s123_debug_soft__obfuscated.elf)
 .text          0x0000000000001f9c       0x44 C:/ncs/v2.8.0/nrfxlib/softdevice_controller/lib/nrf52/soft-float/libsoftdevice_controller_central.a(libsoftdevice_controller_s123_debug_soft__obfuscated.elf)
 .text          0x0000000000001fe0       0x50 C:/ncs/v2.8.0/nrfxlib/softdevice_controller/lib/nrf52/soft-float/libsoftdevice_controller_central.a(libsoftdevice_controller_s123_debug_soft__obfuscated.elf)
 .text          0x0000000000002030       0xf8 C:/ncs/v2.8.0/nrfxlib/softdevice_controller/lib/nrf52/soft-float/libsoftdevice_controller_central.a(libsoftdevice_controller_s123_debug_soft__obfuscated.elf)
 .text          0x0000000000002128       0xfc C:/ncs/v2.8.0/nrfxlib/softdevice_controller/lib/nrf52/soft-float/libsoftdevice_controller_central.a(libsoftdevice_controller_s123_debug_soft__obfuscated.elf)
 .text          0x0000000000002224       0x48 C:/ncs/v2.8.0/nrfxlib/softdevice_controller/lib/nrf52/soft-float/libsoftdevice_controller_central.a(libsoftdevice_controller_s123_debug_soft__obfuscated.elf)
 .text          0x000000000000226c      0x168 C:/ncs/v2.8.0/nrfxlib/softdevice_controller/lib/nrf52/soft-float/libsoftdevice_controller_central.a(libsoftdevice_controller_s123_debug_soft__obfuscated.elf)
 .text          0x00000000000023d4       0x34 C:/ncs/v2.8.0/nrfxlib/softdevice_controller/lib/nrf52/soft-float/libsoftdevice_controller_central.a(libsoftdevice_controller_s123_debug_soft__obfuscated.elf)
 .text          0x0000000000002408       0x64 C:/ncs/v2.8.0/nrfxlib/softdevice_controller/lib/nrf52/soft-float/libsoftdevice_controller_central.a(libsoftdevice_controller_s123_debug_soft__obfuscated.elf)
 .text          0x000000000000246c       0x20 C:/ncs/v2.8.0/nrfxlib/softdevice_controller/lib/nrf52/soft-float/libsoftdevice_controller_central.a(libsoftdevice_controller_s123_debug_soft__obfuscated.elf)
 .text          0x000000000000248c      0x4f4 C:/ncs/v2.8.0/nrfxlib/softdevice_controller/lib/nrf52/soft-float/libsoftdevice_controller_central.a(libsoftdevice_controller_s123_debug_soft__obfuscated.elf)
 .text          0x0000000000002980      0x138 C:/ncs/v2.8.0/nrfxlib/softdevice_controller/lib/nrf52/soft-float/libsoftdevice_controller_central.a(libsoftdevice_controller_s123_debug_soft__obfuscated.elf)
 .text          0x0000000000002ab8       0x38 C:/ncs/v2.8.0/nrfxlib/softdevice_controller/lib/nrf52/soft-float/libsoftdevice_controller_central.a(libsoftdevice_controller_s123_debug_soft__obfuscated.elf)
                0x0000000000002ab8                sym_MSYMIWR3PI6HXHUAZX2P7HGFCTCK3HSW5N3BC2A
 .text          0x0000000000002af0       0x68 C:/ncs/v2.8.0/nrfxlib/softdevice_controller/lib/nrf52/soft-float/libsoftdevice_controller_central.a(libsoftdevice_controller_s123_debug_soft__obfuscated.elf)
                0x0000000000002af0                sym_NN7F2AFPNY6STZCCSXFBV5372QVP4U2ULKNO6YY
 .text          0x0000000000002b58       0x10 C:/ncs/v2.8.0/nrfxlib/softdevice_controller/lib/nrf52/soft-float/libsoftdevice_controller_central.a(libsoftdevice_controller_s123_debug_soft__obfuscated.elf)
                0x0000000000002b58                sym_K7SQKMVWESLZUZE22L4CEOMCL4JSVJET4SYEPLI
 .text          0x0000000000002b68       0x24 C:/ncs/v2.8.0/nrfxlib/softdevice_controller/lib/nrf52/soft-float/libsoftdevice_controller_central.a(libsoftdevice_controller_s123_debug_soft__obfuscated.elf)
                0x0000000000002b68                sym_KTO2H4NDIYSSQUUKE3NMMN4YAJAKAHZE3TQVHOY
 .text          0x0000000000002b8c       0x68 C:/ncs/v2.8.0/nrfxlib/softdevice_controller/lib/nrf52/soft-float/libsoftdevice_controller_central.a(libsoftdevice_controller_s123_debug_soft__obfuscated.elf)
                0x0000000000002b8c                sym_CAWX7VFIWXNZLGUALKXHPOWKG5OUKQTCDAWDIJQ
 .text          0x0000000000002bf4        0xc C:/ncs/v2.8.0/nrfxlib/softdevice_controller/lib/nrf52/soft-float/libsoftdevice_controller_central.a(libsoftdevice_controller_s123_debug_soft__obfuscated.elf)
                0x0000000000002bf4                sym_SPOA75Q2J6LVU6OSBDIHNSVXF4UIA7YYLMJNW6Y
 .text          0x0000000000002c00       0x24 C:/ncs/v2.8.0/nrfxlib/softdevice_controller/lib/nrf52/soft-float/libsoftdevice_controller_central.a(libsoftdevice_controller_s123_debug_soft__obfuscated.elf)
 .text          0x0000000000002c24      0x140 C:/ncs/v2.8.0/nrfxlib/softdevice_controller/lib/nrf52/soft-float/libsoftdevice_controller_central.a(libsoftdevice_controller_s123_debug_soft__obfuscated.elf)
 .text          0x0000000000002d64       0x28 C:/ncs/v2.8.0/nrfxlib/softdevice_controller/lib/nrf52/soft-float/libsoftdevice_controller_central.a(libsoftdevice_controller_s123_debug_soft__obfuscated.elf)
                0x0000000000002d64                sym_MZZ5CJE5YKBRI3UNENSSXM3SF3FKPPVI2OL74NY
 .text          0x0000000000002d8c       0x18 C:/ncs/v2.8.0/nrfxlib/softdevice_controller/lib/nrf52/soft-float/libsoftdevice_controller_central.a(libsoftdevice_controller_s123_debug_soft__obfuscated.elf)
                0x0000000000002d8c                sym_OMWXBZW422C6DKXO7GJC4CUO6XR5IIZSWYHWWEY
 .text          0x0000000000002da4       0x5c C:/ncs/v2.8.0/nrfxlib/softdevice_controller/lib/nrf52/soft-float/libsoftdevice_controller_central.a(libsoftdevice_controller_s123_debug_soft__obfuscated.elf)
                0x0000000000002da4                sym_KTPCUECQ5NSNZ47KZAZYDF5DHEBWAQVSIXH2JLQ
 .text          0x0000000000002e00       0x2c C:/ncs/v2.8.0/nrfxlib/softdevice_controller/lib/nrf52/soft-float/libsoftdevice_controller_central.a(libsoftdevice_controller_s123_debug_soft__obfuscated.elf)
                0x0000000000002e00                sym_6SR5FGIT2BUCA4BUYLG742GH74UKLXYFZPRQHKI
 .text          0x0000000000002e2c       0x20 C:/ncs/v2.8.0/nrfxlib/softdevice_controller/lib/nrf52/soft-float/libsoftdevice_controller_central.a(libsoftdevice_controller_s123_debug_soft__obfuscated.elf)
                0x0000000000002e2c                sym_5BWPSC5UDYEC3GTZIIG32JU3MC6XSIATXZELIBA
 .text          0x0000000000002e4c      0x37c C:/ncs/v2.8.0/nrfxlib/softdevice_controller/lib/nrf52/soft-float/libsoftdevice_controller_central.a(libsoftdevice_controller_s123_debug_soft__obfuscated.elf)
 .text          0x00000000000031c8       0x5c C:/ncs/v2.8.0/nrfxlib/softdevice_controller/lib/nrf52/soft-float/libsoftdevice_controller_central.a(libsoftdevice_controller_s123_debug_soft__obfuscated.elf)
                0x00000000000031c8                sym_FOQ3QPGOR6JQQMW2UGNYKWNNYYOKZLMCFF3HUQI
 .text          0x0000000000003224       0x2c C:/ncs/v2.8.0/nrfxlib/softdevice_controller/lib/nrf52/soft-float/libsoftdevice_controller_central.a(libsoftdevice_controller_s123_debug_soft__obfuscated.elf)
                0x0000000000003224                sym_4SBBLL64WWP4ZG5OZI4AZRNE5QSDGST5WG4LTOA
 .text          0x0000000000003250       0xd0 C:/ncs/v2.8.0/nrfxlib/softdevice_controller/lib/nrf52/soft-float/libsoftdevice_controller_central.a(libsoftdevice_controller_s123_debug_soft__obfuscated.elf)
                0x0000000000003250                sym_BAQ6XKIJ2DDNHUPTZJSMTWD7KTOEUEG7XPMPCIA
 .text          0x0000000000003320       0x80 C:/ncs/v2.8.0/nrfxlib/softdevice_controller/lib/nrf52/soft-float/libsoftdevice_controller_central.a(libsoftdevice_controller_s123_debug_soft__obfuscated.elf)
 .text          0x00000000000033a0       0x38 C:/ncs/v2.8.0/nrfxlib/softdevice_controller/lib/nrf52/soft-float/libsoftdevice_controller_central.a(libsoftdevice_controller_s123_debug_soft__obfuscated.elf)
 .text          0x00000000000033d8      0x158 C:/ncs/v2.8.0/nrfxlib/softdevice_controller/lib/nrf52/soft-float/libsoftdevice_controller_central.a(libsoftdevice_controller_s123_debug_soft__obfuscated.elf)
 .text          0x0000000000003530       0xd8 C:/ncs/v2.8.0/nrfxlib/softdevice_controller/lib/nrf52/soft-float/libsoftdevice_controller_central.a(libsoftdevice_controller_s123_debug_soft__obfuscated.elf)
 .text          0x0000000000003608       0x10 C:/ncs/v2.8.0/nrfxlib/softdevice_controller/lib/nrf52/soft-float/libsoftdevice_controller_central.a(libsoftdevice_controller_s123_debug_soft__obfuscated.elf)
                0x0000000000003608                sym_R2R62GLIY7S3OCJMRDPIB4TBZFUG2AN7TI7ERPI
 .text          0x0000000000003618        0xc C:/ncs/v2.8.0/nrfxlib/softdevice_controller/lib/nrf52/soft-float/libsoftdevice_controller_central.a(libsoftdevice_controller_s123_debug_soft__obfuscated.elf)
                0x0000000000003618                sym_O5ZKMVYIIKH3EAJRECXZFOUFXDW4MCMBS67KZZI
 .text          0x0000000000003624       0x48 C:/ncs/v2.8.0/nrfxlib/softdevice_controller/lib/nrf52/soft-float/libsoftdevice_controller_central.a(libsoftdevice_controller_s123_debug_soft__obfuscated.elf)
                0x0000000000003624                sym_5ZBAGF5IPZJLTC3H62ZY4U4SW6MV7I4QJW2DD3I
 .text          0x000000000000366c       0x20 C:/ncs/v2.8.0/nrfxlib/softdevice_controller/lib/nrf52/soft-float/libsoftdevice_controller_central.a(libsoftdevice_controller_s123_debug_soft__obfuscated.elf)
                0x000000000000366c                sym_SVA6DLBGPY6XV2V2F4HOMHWDPSDIRD722L2FDEI
 .text          0x000000000000368c       0x84 C:/ncs/v2.8.0/nrfxlib/softdevice_controller/lib/nrf52/soft-float/libsoftdevice_controller_central.a(libsoftdevice_controller_s123_debug_soft__obfuscated.elf)
                0x000000000000368c                sym_75TAEO5RFHKNVZFZHMOMYUKRALUIDEKJ3QZBZUI
 .text          0x0000000000003710        0xc C:/ncs/v2.8.0/nrfxlib/softdevice_controller/lib/nrf52/soft-float/libsoftdevice_controller_central.a(libsoftdevice_controller_s123_debug_soft__obfuscated.elf)
                0x0000000000003710                sym_P52EVHQKGJ5EMXHU27BFVEFSO6ZMLSI4P52LQDA
 .text          0x000000000000371c       0x18 C:/ncs/v2.8.0/nrfxlib/softdevice_controller/lib/nrf52/soft-float/libsoftdevice_controller_central.a(libsoftdevice_controller_s123_debug_soft__obfuscated.elf)
                0x000000000000371c                sym_GWAYX66NWSVNQ3OHE5BQRMOI6IRTYM6NL6TBSRQ
 .text          0x0000000000003734       0x1c C:/ncs/v2.8.0/nrfxlib/softdevice_controller/lib/nrf52/soft-float/libsoftdevice_controller_central.a(libsoftdevice_controller_s123_debug_soft__obfuscated.elf)
                0x0000000000003734                sym_WQEYNQYPTFH4BI2WPULDBBECIY2RT3HWWUCSKNI
 .text          0x0000000000003750       0x38 C:/ncs/v2.8.0/nrfxlib/softdevice_controller/lib/nrf52/soft-float/libsoftdevice_controller_central.a(libsoftdevice_controller_s123_debug_soft__obfuscated.elf)
                0x0000000000003750                sym_ZKPLK624IRELGER42R2ZHKGWJUXMU6RHHHTNAQY
 .text          0x0000000000003788       0x48 C:/ncs/v2.8.0/nrfxlib/softdevice_controller/lib/nrf52/soft-float/libsoftdevice_controller_central.a(libsoftdevice_controller_s123_debug_soft__obfuscated.elf)
                0x0000000000003788                sym_O6XGUO2YE6EJZ7P2GIXT7NMMWYUEBQ4F3KREAXA
 .text          0x00000000000037d0        0xc C:/ncs/v2.8.0/nrfxlib/softdevice_controller/lib/nrf52/soft-float/libsoftdevice_controller_central.a(libsoftdevice_controller_s123_debug_soft__obfuscated.elf)
                0x00000000000037d0                sym_KN3K6STNQWQWR2LORBLVX4RFT5RXJO5L5JNKV4I
 .text          0x00000000000037dc       0x14 C:/ncs/v2.8.0/nrfxlib/softdevice_controller/lib/nrf52/soft-float/libsoftdevice_controller_central.a(libsoftdevice_controller_s123_debug_soft__obfuscated.elf)
                0x00000000000037dc                sym_WVUR7FIOL24MFCJHZIBLTPA7O44X57VSRLSLAPQ
 .text          0x00000000000037f0       0x34 C:/ncs/v2.8.0/nrfxlib/softdevice_controller/lib/nrf52/soft-float/libsoftdevice_controller_central.a(libsoftdevice_controller_s123_debug_soft__obfuscated.elf)
                0x00000000000037f0                sym_JEWVWUVPPBKFY6NTG3STLQ3KWMWEBIH34A75HKI
 .text          0x0000000000003824       0x40 C:/ncs/v2.8.0/nrfxlib/softdevice_controller/lib/nrf52/soft-float/libsoftdevice_controller_central.a(libsoftdevice_controller_s123_debug_soft__obfuscated.elf)
                0x0000000000003824                sym_LFMV7ZPMP2MCCNFNC4U7QQJ547VTI3Z5P2EL4WQ
 .text          0x0000000000003864       0xa0 C:/ncs/v2.8.0/nrfxlib/softdevice_controller/lib/nrf52/soft-float/libsoftdevice_controller_central.a(libsoftdevice_controller_s123_debug_soft__obfuscated.elf)
                0x0000000000003864                sym_CRB5YCB3Z3AAZH7A5G7WM2JFASUE6SGAJROBYAA
 .text          0x0000000000003904       0x54 C:/ncs/v2.8.0/nrfxlib/softdevice_controller/lib/nrf52/soft-float/libsoftdevice_controller_central.a(libsoftdevice_controller_s123_debug_soft__obfuscated.elf)
                0x0000000000003904                sym_DOABKABWEXEJSA2H5Z2UO6MFQES34UYN7XL6GMA
 .text          0x0000000000003958       0x60 C:/ncs/v2.8.0/nrfxlib/softdevice_controller/lib/nrf52/soft-float/libsoftdevice_controller_central.a(libsoftdevice_controller_s123_debug_soft__obfuscated.elf)
                0x0000000000003958                sym_HRCF6LWSDWPWEZA7S5YQFCNRDXXCJA6WGOZECRY
 .text          0x00000000000039b8       0x30 C:/ncs/v2.8.0/nrfxlib/softdevice_controller/lib/nrf52/soft-float/libsoftdevice_controller_central.a(libsoftdevice_controller_s123_debug_soft__obfuscated.elf)
 .text          0x00000000000039e8      0x18c C:/ncs/v2.8.0/nrfxlib/softdevice_controller/lib/nrf52/soft-float/libsoftdevice_controller_central.a(libsoftdevice_controller_s123_debug_soft__obfuscated.elf)
 .text          0x0000000000003b74       0x6c C:/ncs/v2.8.0/nrfxlib/softdevice_controller/lib/nrf52/soft-float/libsoftdevice_controller_central.a(libsoftdevice_controller_s123_debug_soft__obfuscated.elf)
                0x0000000000003b74                sym_RGKYP5TXYS27EGT6ZHZS5EDDAZK5QGTWLBOBJEA
 .text          0x0000000000003be0       0x18 C:/ncs/v2.8.0/nrfxlib/softdevice_controller/lib/nrf52/soft-float/libsoftdevice_controller_central.a(libsoftdevice_controller_s123_debug_soft__obfuscated.elf)
                0x0000000000003be0                sym_5EMU3BEOS6JCQEXTZ5M5LP72YGJNCV3W3R43AOI
 .text          0x0000000000003bf8        0xc C:/ncs/v2.8.0/nrfxlib/softdevice_controller/lib/nrf52/soft-float/libsoftdevice_controller_central.a(libsoftdevice_controller_s123_debug_soft__obfuscated.elf)
                0x0000000000003bf8                sym_UY577SX5HIKP7SN7G6RHWTFDXAXFXXF32S4VJUA
 .text          0x0000000000003c04       0x14 C:/ncs/v2.8.0/nrfxlib/softdevice_controller/lib/nrf52/soft-float/libsoftdevice_controller_central.a(libsoftdevice_controller_s123_debug_soft__obfuscated.elf)
                0x0000000000003c04                sym_Y5RIWFUVP4FHJFYC7FBZKM2MV7INK43TLWQ5URA
 .text          0x0000000000003c18       0x60 C:/ncs/v2.8.0/nrfxlib/softdevice_controller/lib/nrf52/soft-float/libsoftdevice_controller_central.a(libsoftdevice_controller_s123_debug_soft__obfuscated.elf)
                0x0000000000003c18                sym_CY3FVUNSUUR4I46K644NW3FXSFSLG3ETQWBRBHQ
 .text          0x0000000000003c78       0x5c C:/ncs/v2.8.0/nrfxlib/softdevice_controller/lib/nrf52/soft-float/libsoftdevice_controller_central.a(libsoftdevice_controller_s123_debug_soft__obfuscated.elf)
                0x0000000000003c78                sym_4POEZKL66A5T3356722OWKNB5CNFKPMV6JI3HEA
 .text          0x0000000000003cd4       0x54 C:/ncs/v2.8.0/nrfxlib/softdevice_controller/lib/nrf52/soft-float/libsoftdevice_controller_central.a(libsoftdevice_controller_s123_debug_soft__obfuscated.elf)
                0x0000000000003cd4                sym_IP3LLUNJTDBIIPB3UG65MJFJZABGVNT2GN3EQPY
 .text          0x0000000000003d28      0x144 C:/ncs/v2.8.0/nrfxlib/softdevice_controller/lib/nrf52/soft-float/libsoftdevice_controller_central.a(libsoftdevice_controller_s123_debug_soft__obfuscated.elf)
                0x0000000000003d28                sym_CNVWBND3CKNA7X75YYI34DQVJHIIO67GC5L2TOA
 .text          0x0000000000003e6c       0x68 C:/ncs/v2.8.0/nrfxlib/softdevice_controller/lib/nrf52/soft-float/libsoftdevice_controller_central.a(libsoftdevice_controller_s123_debug_soft__obfuscated.elf)
                0x0000000000003e6c                sym_B53ULTNRMKMM2752DLWCII2MNWMNLLOI2TCFUOA
 .text          0x0000000000003ed4      0x450 C:/ncs/v2.8.0/nrfxlib/softdevice_controller/lib/nrf52/soft-float/libsoftdevice_controller_central.a(libsoftdevice_controller_s123_debug_soft__obfuscated.elf)
                0x0000000000003ed4                sym_WOLK7J5ES7P57ZMVXNQUWAYV6XJ7AZYSV3TL56A
 .text          0x0000000000004324       0xc8 C:/ncs/v2.8.0/nrfxlib/softdevice_controller/lib/nrf52/soft-float/libsoftdevice_controller_central.a(libsoftdevice_controller_s123_debug_soft__obfuscated.elf)
                0x0000000000004324                sym_OVTAYAIM2HXXC4KB536GUWKDN6XBONTMDU2FIEA
 .text          0x00000000000043ec       0x9c C:/ncs/v2.8.0/nrfxlib/softdevice_controller/lib/nrf52/soft-float/libsoftdevice_controller_central.a(libsoftdevice_controller_s123_debug_soft__obfuscated.elf)
                0x00000000000043ec                sym_7SW25XKRUPEFRFPCXK7QR35MHFXEZCDXN225F5Y
 .text          0x0000000000004488       0x2c C:/ncs/v2.8.0/nrfxlib/softdevice_controller/lib/nrf52/soft-float/libsoftdevice_controller_central.a(libsoftdevice_controller_s123_debug_soft__obfuscated.elf)
                0x0000000000004488                sym_XQWU4MX22DPQIRRYTXBNWTH2DBYK7MH33FME7FI
 .text          0x00000000000044b4       0x10 C:/ncs/v2.8.0/nrfxlib/softdevice_controller/lib/nrf52/soft-float/libsoftdevice_controller_central.a(libsoftdevice_controller_s123_debug_soft__obfuscated.elf)
                0x00000000000044b4                sym_DVVOECRRYK6EAGDREB2UKKQZT5MAOOUK66XNPTA
 .text          0x00000000000044c4       0x10 C:/ncs/v2.8.0/nrfxlib/softdevice_controller/lib/nrf52/soft-float/libsoftdevice_controller_central.a(libsoftdevice_controller_s123_debug_soft__obfuscated.elf)
                0x00000000000044c4                sym_XSHSAOHXV6VAKS5XQAWAQ7Z3CGRIXZNSZFISASA
 .text          0x00000000000044d4       0x18 C:/ncs/v2.8.0/nrfxlib/softdevice_controller/lib/nrf52/soft-float/libsoftdevice_controller_central.a(libsoftdevice_controller_s123_debug_soft__obfuscated.elf)
                0x00000000000044d4                sym_CTIZP4PFSP4VPO64SY4WNQXXAO6AQ4FBRX2MZ2Y
 .text          0x00000000000044ec       0x3c C:/ncs/v2.8.0/nrfxlib/softdevice_controller/lib/nrf52/soft-float/libsoftdevice_controller_central.a(libsoftdevice_controller_s123_debug_soft__obfuscated.elf)
                0x00000000000044ec                sym_AQMZEUEC3F4Q53CYFKGZCEH47J6F6YNF35E42YI
 .text          0x0000000000004528       0x20 C:/ncs/v2.8.0/nrfxlib/softdevice_controller/lib/nrf52/soft-float/libsoftdevice_controller_central.a(libsoftdevice_controller_s123_debug_soft__obfuscated.elf)
 .text          0x0000000000004548       0x30 C:/ncs/v2.8.0/nrfxlib/softdevice_controller/lib/nrf52/soft-float/libsoftdevice_controller_central.a(libsoftdevice_controller_s123_debug_soft__obfuscated.elf)
 .text          0x0000000000004578       0x38 C:/ncs/v2.8.0/nrfxlib/softdevice_controller/lib/nrf52/soft-float/libsoftdevice_controller_central.a(libsoftdevice_controller_s123_debug_soft__obfuscated.elf)
                0x0000000000004578                sym_XUBYH6XGZLLFFVYC6KQVA5MFJUUESCU2IF7KXFI
 .text          0x00000000000045b0       0x2c C:/ncs/v2.8.0/nrfxlib/softdevice_controller/lib/nrf52/soft-float/libsoftdevice_controller_central.a(libsoftdevice_controller_s123_debug_soft__obfuscated.elf)
                0x00000000000045b0                sym_G4TIIR7KO3GHFF45HCHTIL3RIPRK2LVDQADUYJQ
 .text          0x00000000000045dc        0xc C:/ncs/v2.8.0/nrfxlib/softdevice_controller/lib/nrf52/soft-float/libsoftdevice_controller_central.a(libsoftdevice_controller_s123_debug_soft__obfuscated.elf)
                0x00000000000045dc                sym_HG37ZAHWDO2P65KBJXRLV5PVSG5TCUWPMKZOZLQ
 .text          0x00000000000045e8       0x24 C:/ncs/v2.8.0/nrfxlib/softdevice_controller/lib/nrf52/soft-float/libsoftdevice_controller_central.a(libsoftdevice_controller_s123_debug_soft__obfuscated.elf)
                0x00000000000045e8                sym_4W26TPGCKOCVVRKXQDBKGXGC2Y5LMZXNKS2QITA
 .text          0x000000000000460c       0x1c C:/ncs/v2.8.0/nrfxlib/softdevice_controller/lib/nrf52/soft-float/libsoftdevice_controller_central.a(libsoftdevice_controller_s123_debug_soft__obfuscated.elf)
                0x000000000000460c                sym_N6TOG3AODPPFNS6LXFKKIADNGIMUMBS5BXPEFOY
 .text          0x0000000000004628        0xc C:/ncs/v2.8.0/nrfxlib/softdevice_controller/lib/nrf52/soft-float/libsoftdevice_controller_central.a(libsoftdevice_controller_s123_debug_soft__obfuscated.elf)
                0x0000000000004628                sym_PBZPB3PSJJYSQQW7TH2XDGNLD2UYSZR6YJ4ZZNQ
 .text          0x0000000000004634       0x14 C:/ncs/v2.8.0/nrfxlib/softdevice_controller/lib/nrf52/soft-float/libsoftdevice_controller_central.a(libsoftdevice_controller_s123_debug_soft__obfuscated.elf)
                0x0000000000004634                sym_HA7EOSELAQYVMG5UXMJGQLLFEIRQPB7MNOSYOXQ
 .text          0x0000000000004648       0x30 C:/ncs/v2.8.0/nrfxlib/softdevice_controller/lib/nrf52/soft-float/libsoftdevice_controller_central.a(libsoftdevice_controller_s123_debug_soft__obfuscated.elf)
                0x0000000000004648                sym_MJMICEV3AHUJUDNI6JLXYNXCJNL4PTPUQLXISYA
 .text          0x0000000000004678       0x10 C:/ncs/v2.8.0/nrfxlib/softdevice_controller/lib/nrf52/soft-float/libsoftdevice_controller_central.a(libsoftdevice_controller_s123_debug_soft__obfuscated.elf)
                0x0000000000004678                sym_W6QCODUONZ7VOOA5DU2R7RKAJUNWNTC3INZ7OGY
 .text          0x0000000000004688       0x50 C:/ncs/v2.8.0/nrfxlib/softdevice_controller/lib/nrf52/soft-float/libsoftdevice_controller_central.a(libsoftdevice_controller_s123_debug_soft__obfuscated.elf)
                0x0000000000004688                sym_GECJUMXC7GX4QNB2JHCJHLFH72UPMJZW6VAQVRA
 .text          0x00000000000046d8       0x28 C:/ncs/v2.8.0/nrfxlib/softdevice_controller/lib/nrf52/soft-float/libsoftdevice_controller_central.a(libsoftdevice_controller_s123_debug_soft__obfuscated.elf)
                0x00000000000046d8                sym_BOFYMMO2XEUTXLE26SHEVVPNVILC4XKISLRYGBI
 .text          0x0000000000004700       0x48 C:/ncs/v2.8.0/nrfxlib/softdevice_controller/lib/nrf52/soft-float/libsoftdevice_controller_central.a(libsoftdevice_controller_s123_debug_soft__obfuscated.elf)
                0x0000000000004700                sym_WBBKNGE34I3KVGMZDWEODUY462REUIAP3UFNHJI
 .text          0x0000000000004748       0x18 C:/ncs/v2.8.0/nrfxlib/softdevice_controller/lib/nrf52/soft-float/libsoftdevice_controller_central.a(libsoftdevice_controller_s123_debug_soft__obfuscated.elf)
                0x0000000000004748                sym_MJCF2WRL4I323V23HKVENOJWV5IXH54R5X6LJRY
 .text          0x0000000000004760       0x1c C:/ncs/v2.8.0/nrfxlib/softdevice_controller/lib/nrf52/soft-float/libsoftdevice_controller_central.a(libsoftdevice_controller_s123_debug_soft__obfuscated.elf)
                0x0000000000004760                sym_REO6MG4FRJTNQQ56RDJDYGEWFEO5TFVYGRW6OLI
 .text          0x000000000000477c        0xc C:/ncs/v2.8.0/nrfxlib/softdevice_controller/lib/nrf52/soft-float/libsoftdevice_controller_central.a(libsoftdevice_controller_s123_debug_soft__obfuscated.elf)
                0x000000000000477c                sym_NKFCLZ5HTE6KVHDV5DGZ6TJP4KSZI43SYBECPRY
 .text          0x0000000000004788       0x2c C:/ncs/v2.8.0/nrfxlib/softdevice_controller/lib/nrf52/soft-float/libsoftdevice_controller_central.a(libsoftdevice_controller_s123_debug_soft__obfuscated.elf)
                0x0000000000004788                sym_65LA7GM3MU7DDFQKTB75BYTZMPMROSWKS3VXCNI
 .text          0x00000000000047b4       0x20 C:/ncs/v2.8.0/nrfxlib/softdevice_controller/lib/nrf52/soft-float/libsoftdevice_controller_central.a(libsoftdevice_controller_s123_debug_soft__obfuscated.elf)
                0x00000000000047b4                sym_AGWGY6I3YKHHV6TMAWL24HN4IKGOB7PZYXPWBRA
 .text          0x00000000000047d4        0xc C:/ncs/v2.8.0/nrfxlib/softdevice_controller/lib/nrf52/soft-float/libsoftdevice_controller_central.a(libsoftdevice_controller_s123_debug_soft__obfuscated.elf)
                0x00000000000047d4                sym_IXGTNRGKILIZPWG2NJIZ2ALUPW2IM3XFVCGJW2I
 .text          0x00000000000047e0       0x20 C:/ncs/v2.8.0/nrfxlib/softdevice_controller/lib/nrf52/soft-float/libsoftdevice_controller_central.a(libsoftdevice_controller_s123_debug_soft__obfuscated.elf)
                0x00000000000047e0                sym_JHXS4T25BAYOMDDZMWPX3HMPENRV73GSV2RYHAI
 .text          0x0000000000004800       0x2c C:/ncs/v2.8.0/nrfxlib/softdevice_controller/lib/nrf52/soft-float/libsoftdevice_controller_central.a(libsoftdevice_controller_s123_debug_soft__obfuscated.elf)
                0x0000000000004800                sym_54CHYGRI3UHSVLN5ZOGJESXNRISJW5CS4IYBN7Y
 .text          0x000000000000482c       0x1c C:/ncs/v2.8.0/nrfxlib/softdevice_controller/lib/nrf52/soft-float/libsoftdevice_controller_central.a(libsoftdevice_controller_s123_debug_soft__obfuscated.elf)
                0x000000000000482c                sym_V7MOOXL5SOLISKFFGWJC7M3XDITU574WBQOXGWY
 .text          0x0000000000004848       0x30 C:/ncs/v2.8.0/nrfxlib/softdevice_controller/lib/nrf52/soft-float/libsoftdevice_controller_central.a(libsoftdevice_controller_s123_debug_soft__obfuscated.elf)
                0x0000000000004848                sym_QKSVBALUN2V4XT4OCC56LE75IAYLDFRRIVLBZ2Q
 .text          0x0000000000004878       0x30 C:/ncs/v2.8.0/nrfxlib/softdevice_controller/lib/nrf52/soft-float/libsoftdevice_controller_central.a(libsoftdevice_controller_s123_debug_soft__obfuscated.elf)
                0x0000000000004878                sym_WCOWXKSKBH7DOKKKINFZAPWXKW4NYAUCJWTUKBI
 .text          0x00000000000048a8       0x1c C:/ncs/v2.8.0/nrfxlib/softdevice_controller/lib/nrf52/soft-float/libsoftdevice_controller_central.a(libsoftdevice_controller_s123_debug_soft__obfuscated.elf)
                0x00000000000048a8                sym_AO3U45UEGFLUPMT565ZR5UWUQUONF5AKILLCT3A
 .text          0x00000000000048c4       0x48 C:/ncs/v2.8.0/nrfxlib/softdevice_controller/lib/nrf52/soft-float/libsoftdevice_controller_central.a(libsoftdevice_controller_s123_debug_soft__obfuscated.elf)
 .text          0x000000000000490c       0x2c C:/ncs/v2.8.0/nrfxlib/softdevice_controller/lib/nrf52/soft-float/libsoftdevice_controller_central.a(libsoftdevice_controller_s123_debug_soft__obfuscated.elf)
 .text          0x0000000000004938       0x9c C:/ncs/v2.8.0/nrfxlib/softdevice_controller/lib/nrf52/soft-float/libsoftdevice_controller_central.a(libsoftdevice_controller_s123_debug_soft__obfuscated.elf)
 .text          0x00000000000049d4       0xc0 C:/ncs/v2.8.0/nrfxlib/softdevice_controller/lib/nrf52/soft-float/libsoftdevice_controller_central.a(libsoftdevice_controller_s123_debug_soft__obfuscated.elf)
 .text          0x0000000000004a94       0x18 C:/ncs/v2.8.0/nrfxlib/softdevice_controller/lib/nrf52/soft-float/libsoftdevice_controller_central.a(libsoftdevice_controller_s123_debug_soft__obfuscated.elf)
                0x0000000000004a94                sym_BAUTABQSJLBAZ6GNH7KOF4MJMAA6NF7CDAZNOEQ
 .text          0x0000000000004aac       0x20 C:/ncs/v2.8.0/nrfxlib/softdevice_controller/lib/nrf52/soft-float/libsoftdevice_controller_central.a(libsoftdevice_controller_s123_debug_soft__obfuscated.elf)
                0x0000000000004aac                sym_62DUXM4M5AM4URNPP7IKDX3NCPAODBT4BMADGAY
 .text          0x0000000000004acc        0xc C:/ncs/v2.8.0/nrfxlib/softdevice_controller/lib/nrf52/soft-float/libsoftdevice_controller_central.a(libsoftdevice_controller_s123_debug_soft__obfuscated.elf)
                0x0000000000004acc                sym_JQOBED6Y6P46KNYF2UD53QPDVNRPPOKMQL6EEBY
 .text          0x0000000000004ad8       0x38 C:/ncs/v2.8.0/nrfxlib/softdevice_controller/lib/nrf52/soft-float/libsoftdevice_controller_central.a(libsoftdevice_controller_s123_debug_soft__obfuscated.elf)
                0x0000000000004ad8                sym_AH5PFWTC7OGNFGHZO3OGQJX75M4BUE2VWXVZZ5A
 .text          0x0000000000004b10        0xc C:/ncs/v2.8.0/nrfxlib/softdevice_controller/lib/nrf52/soft-float/libsoftdevice_controller_central.a(libsoftdevice_controller_s123_debug_soft__obfuscated.elf)
                0x0000000000004b10                sym_RHRHCWPUPZHCOID576WBS7QZ2KAUT2GASS2T3QY
 .text          0x0000000000004b1c       0x30 C:/ncs/v2.8.0/nrfxlib/softdevice_controller/lib/nrf52/soft-float/libsoftdevice_controller_central.a(libsoftdevice_controller_s123_debug_soft__obfuscated.elf)
                0x0000000000004b1c                sym_YAOI5BW7G2C6EUUY2B4S7A3CWX63A6MP2T3O5KA
 .text          0x0000000000004b4c       0x24 C:/ncs/v2.8.0/nrfxlib/softdevice_controller/lib/nrf52/soft-float/libsoftdevice_controller_central.a(libsoftdevice_controller_s123_debug_soft__obfuscated.elf)
                0x0000000000004b4c                sym_2X6ZBBHQKFJV27I6OQZLD4IRAL5JANEGA5N34WA
 .text          0x0000000000004b70       0x68 C:/ncs/v2.8.0/nrfxlib/softdevice_controller/lib/nrf52/soft-float/libsoftdevice_controller_central.a(libsoftdevice_controller_s123_debug_soft__obfuscated.elf)
                0x0000000000004b70                sym_EV54ITVX6ZJNRIULZTHEWNSCWW5GNYKPCEWELSY
 .text          0x0000000000004bd8       0x74 C:/ncs/v2.8.0/nrfxlib/softdevice_controller/lib/nrf52/soft-float/libsoftdevice_controller_central.a(libsoftdevice_controller_s123_debug_soft__obfuscated.elf)
                0x0000000000004bd8                sym_GIJNJPFWODT7EMZGJ5C7DGNKPDDXY2MLUHAWNUI
 .text          0x0000000000004c4c       0x24 C:/ncs/v2.8.0/nrfxlib/softdevice_controller/lib/nrf52/soft-float/libsoftdevice_controller_central.a(libsoftdevice_controller_s123_debug_soft__obfuscated.elf)
                0x0000000000004c4c                sym_DHR6XELGSD2MHYS7JWGEPSKXD43VLKKJDN33HMA
 .text          0x0000000000004c70       0x50 C:/ncs/v2.8.0/nrfxlib/softdevice_controller/lib/nrf52/soft-float/libsoftdevice_controller_central.a(libsoftdevice_controller_s123_debug_soft__obfuscated.elf)
 .text          0x0000000000004cc0       0x9c C:/ncs/v2.8.0/nrfxlib/softdevice_controller/lib/nrf52/soft-float/libsoftdevice_controller_central.a(libsoftdevice_controller_s123_debug_soft__obfuscated.elf)
                0x0000000000004cc0                sym_I6CP23ODGJWRR4E4LKGCN5RJCVBTXYTDYCCXNSQ
 .text          0x0000000000004d5c       0x14 C:/ncs/v2.8.0/nrfxlib/softdevice_controller/lib/nrf52/soft-float/libsoftdevice_controller_central.a(libsoftdevice_controller_s123_debug_soft__obfuscated.elf)
                0x0000000000004d5c                sym_AIEQYZJFZQBQ5LEMJNMQV56TMLIGCBAC63QLHGI
 .text          0x0000000000004d70       0x24 C:/ncs/v2.8.0/nrfxlib/softdevice_controller/lib/nrf52/soft-float/libsoftdevice_controller_central.a(libsoftdevice_controller_s123_debug_soft__obfuscated.elf)
                0x0000000000004d70                sym_MYZDSWHZMVTUGPWK7CFFVMNCPRPZBKC3UH2GTLQ
 .text          0x0000000000004d94       0x44 C:/ncs/v2.8.0/nrfxlib/softdevice_controller/lib/nrf52/soft-float/libsoftdevice_controller_central.a(libsoftdevice_controller_s123_debug_soft__obfuscated.elf)
                0x0000000000004d94                sym_ZIE6EQ2YDF5ZLLLNRMU6NPOFHB7VMBHYMI4646I
 .text          0x0000000000004dd8       0x10 C:/ncs/v2.8.0/nrfxlib/softdevice_controller/lib/nrf52/soft-float/libsoftdevice_controller_central.a(libsoftdevice_controller_s123_debug_soft__obfuscated.elf)
                0x0000000000004dd8                sym_JANNQMW3JZGYLNSOPAA2HBYBA6JBSX4W7VBR56Q
 .text          0x0000000000004de8       0x20 C:/ncs/v2.8.0/nrfxlib/softdevice_controller/lib/nrf52/soft-float/libsoftdevice_controller_central.a(libsoftdevice_controller_s123_debug_soft__obfuscated.elf)
                0x0000000000004de8                sym_RQLOJUGFCKCS5YSXHMF5LIHXPBLO5AO63KQE3GQ
 .text          0x0000000000004e08       0x20 C:/ncs/v2.8.0/nrfxlib/softdevice_controller/lib/nrf52/soft-float/libsoftdevice_controller_central.a(libsoftdevice_controller_s123_debug_soft__obfuscated.elf)
                0x0000000000004e08                sym_MAOKHHVPGVT23KVRN33B7KPEJU6F55EB66KOGDQ
 .text          0x0000000000004e28       0x20 C:/ncs/v2.8.0/nrfxlib/softdevice_controller/lib/nrf52/soft-float/libsoftdevice_controller_central.a(libsoftdevice_controller_s123_debug_soft__obfuscated.elf)
                0x0000000000004e28                sym_S635TH4ZNECIWRKFWYBUXBZ3GFP7WORE4PRXDPQ
 .text          0x0000000000004e48       0x20 C:/ncs/v2.8.0/nrfxlib/softdevice_controller/lib/nrf52/soft-float/libsoftdevice_controller_central.a(libsoftdevice_controller_s123_debug_soft__obfuscated.elf)
                0x0000000000004e48                sym_3S3ZPZTS3JKT3LR3P6QZ3KOW4P72YQZEIQOYGSA
 .text          0x0000000000004e68       0x28 C:/ncs/v2.8.0/nrfxlib/softdevice_controller/lib/nrf52/soft-float/libsoftdevice_controller_central.a(libsoftdevice_controller_s123_debug_soft__obfuscated.elf)
                0x0000000000004e68                sym_U3LPDM4ZN7F4EBRA6GBYBEUAHXDWZU7U4P3OZRQ
 .text          0x0000000000004e90       0x88 C:/ncs/v2.8.0/nrfxlib/softdevice_controller/lib/nrf52/soft-float/libsoftdevice_controller_central.a(libsoftdevice_controller_s123_debug_soft__obfuscated.elf)
 .text          0x0000000000004f18       0x10 C:/ncs/v2.8.0/nrfxlib/softdevice_controller/lib/nrf52/soft-float/libsoftdevice_controller_central.a(libsoftdevice_controller_s123_debug_soft__obfuscated.elf)
                0x0000000000004f18                sym_N2NJCIBZFHVP7II7LSOD6U4WPOYSC3U3IRJ6NLY
 .text          0x0000000000004f28       0xc0 C:/ncs/v2.8.0/nrfxlib/softdevice_controller/lib/nrf52/soft-float/libsoftdevice_controller_central.a(libsoftdevice_controller_s123_debug_soft__obfuscated.elf)
 .text          0x0000000000004fe8       0x44 C:/ncs/v2.8.0/nrfxlib/softdevice_controller/lib/nrf52/soft-float/libsoftdevice_controller_central.a(libsoftdevice_controller_s123_debug_soft__obfuscated.elf)
 .text          0x000000000000502c      0x144 C:/ncs/v2.8.0/nrfxlib/softdevice_controller/lib/nrf52/soft-float/libsoftdevice_controller_central.a(libsoftdevice_controller_s123_debug_soft__obfuscated.elf)
 .text          0x0000000000005170       0x54 C:/ncs/v2.8.0/nrfxlib/softdevice_controller/lib/nrf52/soft-float/libsoftdevice_controller_central.a(libsoftdevice_controller_s123_debug_soft__obfuscated.elf)
 .text          0x00000000000051c4        0xc C:/ncs/v2.8.0/nrfxlib/softdevice_controller/lib/nrf52/soft-float/libsoftdevice_controller_central.a(libsoftdevice_controller_s123_debug_soft__obfuscated.elf)
                0x00000000000051c4                sym_VKBDHCW5KWYFAEZJJBKQNHH4JDURIHHEJCK4SOA
 .text          0x00000000000051d0       0x10 C:/ncs/v2.8.0/nrfxlib/softdevice_controller/lib/nrf52/soft-float/libsoftdevice_controller_central.a(libsoftdevice_controller_s123_debug_soft__obfuscated.elf)
                0x00000000000051d0                sym_BXRWRIA3M3K52MZ3ABK6S37OOTXMFTRBOBYS7TY
 .text          0x00000000000051e0       0x3c C:/ncs/v2.8.0/nrfxlib/softdevice_controller/lib/nrf52/soft-float/libsoftdevice_controller_central.a(libsoftdevice_controller_s123_debug_soft__obfuscated.elf)
                0x00000000000051e0                sym_XOOTGCSEAKA3PUKZW3QYB4DCVC2FKUP2TS5AZ5Q
 .text          0x000000000000521c       0x24 C:/ncs/v2.8.0/nrfxlib/softdevice_controller/lib/nrf52/soft-float/libsoftdevice_controller_central.a(libsoftdevice_controller_s123_debug_soft__obfuscated.elf)
                0x000000000000521c                sym_XYMSM3YEXEOTUFIX3SPRBT27O44DJZKZVLNHELY
 .text          0x0000000000005240       0x1c C:/ncs/v2.8.0/nrfxlib/softdevice_controller/lib/nrf52/soft-float/libsoftdevice_controller_central.a(libsoftdevice_controller_s123_debug_soft__obfuscated.elf)
                0x0000000000005240                sym_HHT5YV37VWRBGUMO4AOJUKOJARZKAH2OUWPZF7Q
 .text          0x000000000000525c       0x24 C:/ncs/v2.8.0/nrfxlib/softdevice_controller/lib/nrf52/soft-float/libsoftdevice_controller_central.a(libsoftdevice_controller_s123_debug_soft__obfuscated.elf)
                0x000000000000525c                sym_ZWMGPE3QKJAQI4HTKIFMREKNKAUYHMAALNVM2QI
 .text          0x0000000000005280       0x18 C:/ncs/v2.8.0/nrfxlib/softdevice_controller/lib/nrf52/soft-float/libsoftdevice_controller_central.a(libsoftdevice_controller_s123_debug_soft__obfuscated.elf)
                0x0000000000005280                sym_MWHYECJZLQQJKLQZGDI66SVA3IIWYKXL7G5FMHY
 .text          0x0000000000005298       0x2c C:/ncs/v2.8.0/nrfxlib/softdevice_controller/lib/nrf52/soft-float/libsoftdevice_controller_central.a(libsoftdevice_controller_s123_debug_soft__obfuscated.elf)
                0x0000000000005298                sym_43VAZS4NQXUMOPHD7W7SYFZ3WJ6KGQYQH6UOYPQ
 .text          0x00000000000052c4       0x9c C:/ncs/v2.8.0/nrfxlib/softdevice_controller/lib/nrf52/soft-float/libsoftdevice_controller_central.a(libsoftdevice_controller_s123_debug_soft__obfuscated.elf)
                0x00000000000052c4                sym_IPYDOGNKVSD5CNASNRZPFKSG4XKU4ZG4SVERI7Q
 .text          0x0000000000005360       0x30 C:/ncs/v2.8.0/nrfxlib/softdevice_controller/lib/nrf52/soft-float/libsoftdevice_controller_central.a(libsoftdevice_controller_s123_debug_soft__obfuscated.elf)
                0x0000000000005360                sym_7LZ5OF5UTH4WGXV6IKS6GUUHKYRIWQTTIJXNBEY
 .text          0x0000000000005390       0x34 C:/ncs/v2.8.0/nrfxlib/softdevice_controller/lib/nrf52/soft-float/libsoftdevice_controller_central.a(libsoftdevice_controller_s123_debug_soft__obfuscated.elf)
                0x0000000000005390                sym_77ICNIHY2R2L3JRP4ZLMOWZSS3UZRKJXJOBWTWI
 .text          0x00000000000053c4       0xc0 C:/ncs/v2.8.0/nrfxlib/softdevice_controller/lib/nrf52/soft-float/libsoftdevice_controller_central.a(libsoftdevice_controller_s123_debug_soft__obfuscated.elf)
                0x00000000000053c4                sym_5UEPRCW3EPZ7AP72CPP4EMSXBK27JNQSU5DMVOI
 .text          0x0000000000005484       0x30 C:/ncs/v2.8.0/nrfxlib/softdevice_controller/lib/nrf52/soft-float/libsoftdevice_controller_central.a(libsoftdevice_controller_s123_debug_soft__obfuscated.elf)
                0x0000000000005484                sym_Q4666MQBABRNQWVVM7BXH6CZLBLJXH7EUKSGMNQ
 .text          0x00000000000054b4      0x1b0 C:/ncs/v2.8.0/nrfxlib/softdevice_controller/lib/nrf52/soft-float/libsoftdevice_controller_central.a(libsoftdevice_controller_s123_debug_soft__obfuscated.elf)
                0x00000000000054b4                sym_BZUCV52NNXYJ4PFZE6PPPT2ZDHUDTEPDS6LUKZI
 .text          0x0000000000005664       0x14 C:/ncs/v2.8.0/nrfxlib/softdevice_controller/lib/nrf52/soft-float/libsoftdevice_controller_central.a(libsoftdevice_controller_s123_debug_soft__obfuscated.elf)
                0x0000000000005664                sym_NDXK2LOMZUDHFXKAI2VSFPUCPEZUOQPNHNILM7Y
 .text          0x0000000000005678       0x14 C:/ncs/v2.8.0/nrfxlib/softdevice_controller/lib/nrf52/soft-float/libsoftdevice_controller_central.a(libsoftdevice_controller_s123_debug_soft__obfuscated.elf)
                0x0000000000005678                sym_HRA437GJ2CDV2E32FJ2QNXI3YG322UHSFPFJ3CI
 .text          0x000000000000568c       0x50 C:/ncs/v2.8.0/nrfxlib/softdevice_controller/lib/nrf52/soft-float/libsoftdevice_controller_central.a(libsoftdevice_controller_s123_debug_soft__obfuscated.elf)
                0x000000000000568c                sym_IM3N55HLVRFQYD25P6A2DK6S6UPAUWTY4RZRVZY
 .text          0x00000000000056dc       0x64 C:/ncs/v2.8.0/nrfxlib/softdevice_controller/lib/nrf52/soft-float/libsoftdevice_controller_central.a(libsoftdevice_controller_s123_debug_soft__obfuscated.elf)
                0x00000000000056dc                sym_JU6OV3GKZF5HIJH3MU2Q3OVF2CL7DGZ6RFYTUVY
 .text          0x0000000000005740       0x4c C:/ncs/v2.8.0/nrfxlib/softdevice_controller/lib/nrf52/soft-float/libsoftdevice_controller_central.a(libsoftdevice_controller_s123_debug_soft__obfuscated.elf)
                0x0000000000005740                sym_7ABLLIXUF3HMINU3DLWXJDVBNAU7RSUXPXZ3RFQ
 .text          0x000000000000578c       0x84 C:/ncs/v2.8.0/nrfxlib/softdevice_controller/lib/nrf52/soft-float/libsoftdevice_controller_central.a(libsoftdevice_controller_s123_debug_soft__obfuscated.elf)
                0x000000000000578c                sym_RHE23VLW3YS5P4HRDMPTVWIHXVLEGJ7BJEAEEUI
 .text          0x0000000000005810       0x24 C:/ncs/v2.8.0/nrfxlib/softdevice_controller/lib/nrf52/soft-float/libsoftdevice_controller_central.a(libsoftdevice_controller_s123_debug_soft__obfuscated.elf)
                0x0000000000005810                sym_CYYZ5DA5UWAE37FM7XP643I473QUSWWZ2MS7OLY
 .text          0x0000000000005834       0x38 C:/ncs/v2.8.0/nrfxlib/softdevice_controller/lib/nrf52/soft-float/libsoftdevice_controller_central.a(libsoftdevice_controller_s123_debug_soft__obfuscated.elf)
                0x0000000000005834                sym_KQ4RAL3HW3LUBE4EKZDESO77BJMQRXFGP63ANLQ
 .text          0x000000000000586c       0x38 C:/ncs/v2.8.0/nrfxlib/softdevice_controller/lib/nrf52/soft-float/libsoftdevice_controller_central.a(libsoftdevice_controller_s123_debug_soft__obfuscated.elf)
                0x000000000000586c                sym_56UVHHES3DVKQZWKPD4W2O56B6Q35VFE7VP3FTY
 .text          0x00000000000058a4       0xa0 C:/ncs/v2.8.0/nrfxlib/softdevice_controller/lib/nrf52/soft-float/libsoftdevice_controller_central.a(libsoftdevice_controller_s123_debug_soft__obfuscated.elf)
                0x00000000000058a4                sym_365Y77DXDRWJHR4QPTXJM46KZ7L557J533F2SNY
 .text          0x0000000000005944       0x24 C:/ncs/v2.8.0/nrfxlib/softdevice_controller/lib/nrf52/soft-float/libsoftdevice_controller_central.a(libsoftdevice_controller_s123_debug_soft__obfuscated.elf)
                0x0000000000005944                sym_MKU2XEL6QB4MO4JU3HW4P3NALUM7PALQ3OF2VGA
 .text          0x0000000000005968       0x10 C:/ncs/v2.8.0/nrfxlib/softdevice_controller/lib/nrf52/soft-float/libsoftdevice_controller_central.a(libsoftdevice_controller_s123_debug_soft__obfuscated.elf)
                0x0000000000005968                sym_3LKWZEY2K7UEF3M7QI5VCO43HM3TH6VAPJSZJBY
 .text          0x0000000000005978       0x88 C:/ncs/v2.8.0/nrfxlib/softdevice_controller/lib/nrf52/soft-float/libsoftdevice_controller_central.a(libsoftdevice_controller_s123_debug_soft__obfuscated.elf)
 .text          0x0000000000005a00       0x24 C:/ncs/v2.8.0/nrfxlib/softdevice_controller/lib/nrf52/soft-float/libsoftdevice_controller_central.a(libsoftdevice_controller_s123_debug_soft__obfuscated.elf)
                0x0000000000005a00                sym_ECAFXV3NMZ2THIWY27PTYY6WSGFWQJNAJOG5HIY
 .text          0x0000000000005a24        0xc C:/ncs/v2.8.0/nrfxlib/softdevice_controller/lib/nrf52/soft-float/libsoftdevice_controller_central.a(libsoftdevice_controller_s123_debug_soft__obfuscated.elf)
                0x0000000000005a24                sym_FKU5SDIGNJ3CUR3VYEELCK5CK3EK42NLF7KQXSQ
 .text          0x0000000000005a30        0xc C:/ncs/v2.8.0/nrfxlib/softdevice_controller/lib/nrf52/soft-float/libsoftdevice_controller_central.a(libsoftdevice_controller_s123_debug_soft__obfuscated.elf)
                0x0000000000005a30                sym_MD2ACKWOI3UMWSI6IONGH6VN62ROA3VVQP7HYBQ
 .text          0x0000000000005a3c       0x60 C:/ncs/v2.8.0/nrfxlib/softdevice_controller/lib/nrf52/soft-float/libsoftdevice_controller_central.a(libsoftdevice_controller_s123_debug_soft__obfuscated.elf)
                0x0000000000005a3c                sym_VT36OYILRYR2ODZV34U7WHVGGSRS7VN6JG7WPYI
 .text          0x0000000000005a9c       0x48 C:/ncs/v2.8.0/nrfxlib/softdevice_controller/lib/nrf52/soft-float/libsoftdevice_controller_central.a(libsoftdevice_controller_s123_debug_soft__obfuscated.elf)
                0x0000000000005a9c                sym_3BV6HS2RZST6R6C5ZWOISO6OTZHTSW3BAFXBSVQ
 .text          0x0000000000005ae4       0x20 C:/ncs/v2.8.0/nrfxlib/softdevice_controller/lib/nrf52/soft-float/libsoftdevice_controller_central.a(libsoftdevice_controller_s123_debug_soft__obfuscated.elf)
 .text          0x0000000000005b04       0x10 C:/ncs/v2.8.0/nrfxlib/softdevice_controller/lib/nrf52/soft-float/libsoftdevice_controller_central.a(libsoftdevice_controller_s123_debug_soft__obfuscated.elf)
                0x0000000000005b04                sym_QCAWKLQF54ZUVQEUZYI3LS3CAU7N52INENNQS4A
 .text          0x0000000000005b14       0x64 C:/ncs/v2.8.0/nrfxlib/softdevice_controller/lib/nrf52/soft-float/libsoftdevice_controller_central.a(libsoftdevice_controller_s123_debug_soft__obfuscated.elf)
                0x0000000000005b14                sym_DTBEJNW7A7JHG4MN52YFYEA2GZJHMHF7KQIBYHA
 .text          0x0000000000005b78       0x5c C:/ncs/v2.8.0/nrfxlib/softdevice_controller/lib/nrf52/soft-float/libsoftdevice_controller_central.a(libsoftdevice_controller_s123_debug_soft__obfuscated.elf)
 .text          0x0000000000005bd4       0x58 C:/ncs/v2.8.0/nrfxlib/softdevice_controller/lib/nrf52/soft-float/libsoftdevice_controller_central.a(libsoftdevice_controller_s123_debug_soft__obfuscated.elf)
 .text          0x0000000000005c2c       0x8c C:/ncs/v2.8.0/nrfxlib/softdevice_controller/lib/nrf52/soft-float/libsoftdevice_controller_central.a(libsoftdevice_controller_s123_debug_soft__obfuscated.elf)
 .text          0x0000000000005cb8       0x3c C:/ncs/v2.8.0/nrfxlib/softdevice_controller/lib/nrf52/soft-float/libsoftdevice_controller_central.a(libsoftdevice_controller_s123_debug_soft__obfuscated.elf)
 .text          0x0000000000005cf4       0x40 C:/ncs/v2.8.0/nrfxlib/softdevice_controller/lib/nrf52/soft-float/libsoftdevice_controller_central.a(libsoftdevice_controller_s123_debug_soft__obfuscated.elf)
 .text          0x0000000000005d34       0x74 C:/ncs/v2.8.0/nrfxlib/softdevice_controller/lib/nrf52/soft-float/libsoftdevice_controller_central.a(libsoftdevice_controller_s123_debug_soft__obfuscated.elf)
 .text          0x0000000000005da8       0xb0 C:/ncs/v2.8.0/nrfxlib/softdevice_controller/lib/nrf52/soft-float/libsoftdevice_controller_central.a(libsoftdevice_controller_s123_debug_soft__obfuscated.elf)
 .text          0x0000000000005e58       0x40 C:/ncs/v2.8.0/nrfxlib/softdevice_controller/lib/nrf52/soft-float/libsoftdevice_controller_central.a(libsoftdevice_controller_s123_debug_soft__obfuscated.elf)
 .text          0x0000000000005e98       0xbc C:/ncs/v2.8.0/nrfxlib/softdevice_controller/lib/nrf52/soft-float/libsoftdevice_controller_central.a(libsoftdevice_controller_s123_debug_soft__obfuscated.elf)
 .text          0x0000000000005f54       0x40 C:/ncs/v2.8.0/nrfxlib/softdevice_controller/lib/nrf52/soft-float/libsoftdevice_controller_central.a(libsoftdevice_controller_s123_debug_soft__obfuscated.elf)
 .text          0x0000000000005f94      0x780 C:/ncs/v2.8.0/nrfxlib/softdevice_controller/lib/nrf52/soft-float/libsoftdevice_controller_central.a(libsoftdevice_controller_s123_debug_soft__obfuscated.elf)
 .text          0x0000000000006714      0x180 C:/ncs/v2.8.0/nrfxlib/softdevice_controller/lib/nrf52/soft-float/libsoftdevice_controller_central.a(libsoftdevice_controller_s123_debug_soft__obfuscated.elf)
                0x0000000000006714                sym_C4R73COZU7NKK6UAUGTJ6HNWDG7QPVROF5RMZMA
 .text          0x0000000000006894       0xa0 C:/ncs/v2.8.0/nrfxlib/softdevice_controller/lib/nrf52/soft-float/libsoftdevice_controller_central.a(libsoftdevice_controller_s123_debug_soft__obfuscated.elf)
                0x0000000000006894                sym_ELB4EXXRKBATZ6KCANX37LXPZBQQJSOFPSAT7UI
 .text          0x0000000000006934       0x20 C:/ncs/v2.8.0/nrfxlib/softdevice_controller/lib/nrf52/soft-float/libsoftdevice_controller_central.a(libsoftdevice_controller_s123_debug_soft__obfuscated.elf)
 .text          0x0000000000006954       0x14 C:/ncs/v2.8.0/nrfxlib/softdevice_controller/lib/nrf52/soft-float/libsoftdevice_controller_central.a(libsoftdevice_controller_s123_debug_soft__obfuscated.elf)
                0x0000000000006954                sym_LOTFHGQTFUFWGX7HOTL4Q2XATGIJRVIMCMOYRMA
 .text          0x0000000000006968       0x30 C:/ncs/v2.8.0/nrfxlib/softdevice_controller/lib/nrf52/soft-float/libsoftdevice_controller_central.a(libsoftdevice_controller_s123_debug_soft__obfuscated.elf)
                0x0000000000006968                sym_MDF364N4PQDEA5ZGP5CB3ZDZVZM5Q32KSEZZ5HI
 .text          0x0000000000006998       0x34 C:/ncs/v2.8.0/nrfxlib/softdevice_controller/lib/nrf52/soft-float/libsoftdevice_controller_central.a(libsoftdevice_controller_s123_debug_soft__obfuscated.elf)
                0x0000000000006998                sym_XCEN5K7VEI2CAO42XW7S3FKM3HKMOCDCUFDX25Y
 .text          0x00000000000069cc       0x44 C:/ncs/v2.8.0/nrfxlib/softdevice_controller/lib/nrf52/soft-float/libsoftdevice_controller_central.a(libsoftdevice_controller_s123_debug_soft__obfuscated.elf)
                0x00000000000069cc                sym_5DEPI2OGSPXE5OVFBPVFPSPYPRYUQ54QVVXIKNI
 .text          0x0000000000006a10       0x34 C:/ncs/v2.8.0/nrfxlib/softdevice_controller/lib/nrf52/soft-float/libsoftdevice_controller_central.a(libsoftdevice_controller_s123_debug_soft__obfuscated.elf)
                0x0000000000006a10                sym_KZ5CVONZGMGIGNMI7YD6HLN3FXAAJK6OMEJW6BQ
 .text          0x0000000000006a44       0x28 C:/ncs/v2.8.0/nrfxlib/softdevice_controller/lib/nrf52/soft-float/libsoftdevice_controller_central.a(libsoftdevice_controller_s123_debug_soft__obfuscated.elf)
                0x0000000000006a44                sym_ZQHB3ANU2DANFLJZLZL5U4SPQ2ZDVUAHI35744Y
 .text          0x0000000000006a6c       0x10 C:/ncs/v2.8.0/nrfxlib/softdevice_controller/lib/nrf52/soft-float/libsoftdevice_controller_central.a(libsoftdevice_controller_s123_debug_soft__obfuscated.elf)
                0x0000000000006a6c                sym_TRMXENGHOH4VBQQZPIN222FLCEFU3Z3CD5C47DY
 .text          0x0000000000006a7c       0x8c C:/ncs/v2.8.0/nrfxlib/softdevice_controller/lib/nrf52/soft-float/libsoftdevice_controller_central.a(libsoftdevice_controller_s123_debug_soft__obfuscated.elf)
                0x0000000000006a7c                sym_5I5MTMPTF2F4WI7MIXG5OG4TUPLUR53CB2QHVUA
 .text          0x0000000000006b08       0x94 C:/ncs/v2.8.0/nrfxlib/softdevice_controller/lib/nrf52/soft-float/libsoftdevice_controller_central.a(libsoftdevice_controller_s123_debug_soft__obfuscated.elf)
                0x0000000000006b08                sym_WLH66EC4H754I3MAYKGHFOCADIOY4E4WNRBI4TA
 .text          0x0000000000006b9c       0x28 C:/ncs/v2.8.0/nrfxlib/softdevice_controller/lib/nrf52/soft-float/libsoftdevice_controller_central.a(libsoftdevice_controller_s123_debug_soft__obfuscated.elf)
                0x0000000000006b9c                sym_VIDE7XVSTT4HHX2MQJX6VUVABAKVNGIPRTLRLEQ
 .text          0x0000000000006bc4       0x34 C:/ncs/v2.8.0/nrfxlib/softdevice_controller/lib/nrf52/soft-float/libsoftdevice_controller_central.a(libsoftdevice_controller_s123_debug_soft__obfuscated.elf)
                0x0000000000006bc4                sym_3CD5EC6VYR6RXXLO3FXSZQ37BOYSM63APF5D5BA
 .text          0x0000000000006bf8       0x6c C:/ncs/v2.8.0/nrfxlib/softdevice_controller/lib/nrf52/soft-float/libsoftdevice_controller_central.a(libsoftdevice_controller_s123_debug_soft__obfuscated.elf)
                0x0000000000006bf8                sym_FYMYD324TMLKJZE62CZN4WTXFSPL6FPU2SZH6CI
 .text          0x0000000000006c64        0xc C:/ncs/v2.8.0/nrfxlib/softdevice_controller/lib/nrf52/soft-float/libsoftdevice_controller_central.a(libsoftdevice_controller_s123_debug_soft__obfuscated.elf)
                0x0000000000006c64                sym_QQVHHHKNBN5TJBK4NCDSUYAMXMOEHFSL7HE7RRA
 .text          0x0000000000006c70       0x3c C:/ncs/v2.8.0/nrfxlib/softdevice_controller/lib/nrf52/soft-float/libsoftdevice_controller_central.a(libsoftdevice_controller_s123_debug_soft__obfuscated.elf)
                0x0000000000006c70                sym_XPKSFPKFBNSTZZU4FUMGC3XRHAVS24BBL53HRMA
 .text          0x0000000000006cac       0x60 C:/ncs/v2.8.0/nrfxlib/softdevice_controller/lib/nrf52/soft-float/libsoftdevice_controller_central.a(libsoftdevice_controller_s123_debug_soft__obfuscated.elf)
                0x0000000000006cac                sym_6Q45YYTUN2KDQ5V5UGE3T2LTI5FNGX6WIJYLIDI
 .text          0x0000000000006d0c       0x10 C:/ncs/v2.8.0/nrfxlib/softdevice_controller/lib/nrf52/soft-float/libsoftdevice_controller_central.a(libsoftdevice_controller_s123_debug_soft__obfuscated.elf)
 .text          0x0000000000006d1c       0x58 C:/ncs/v2.8.0/nrfxlib/softdevice_controller/lib/nrf52/soft-float/libsoftdevice_controller_central.a(libsoftdevice_controller_s123_debug_soft__obfuscated.elf)
 .text          0x0000000000006d74       0x30 C:/ncs/v2.8.0/nrfxlib/softdevice_controller/lib/nrf52/soft-float/libsoftdevice_controller_central.a(libsoftdevice_controller_s123_debug_soft__obfuscated.elf)
 .text          0x0000000000006da4       0x64 C:/ncs/v2.8.0/nrfxlib/softdevice_controller/lib/nrf52/soft-float/libsoftdevice_controller_central.a(libsoftdevice_controller_s123_debug_soft__obfuscated.elf)
 .text          0x0000000000006e08       0x34 C:/ncs/v2.8.0/nrfxlib/softdevice_controller/lib/nrf52/soft-float/libsoftdevice_controller_central.a(libsoftdevice_controller_s123_debug_soft__obfuscated.elf)
 .text          0x0000000000006e3c       0x4c C:/ncs/v2.8.0/nrfxlib/softdevice_controller/lib/nrf52/soft-float/libsoftdevice_controller_central.a(libsoftdevice_controller_s123_debug_soft__obfuscated.elf)
 .text          0x0000000000006e88       0x38 C:/ncs/v2.8.0/nrfxlib/softdevice_controller/lib/nrf52/soft-float/libsoftdevice_controller_central.a(libsoftdevice_controller_s123_debug_soft__obfuscated.elf)
 .text          0x0000000000006ec0       0x1c C:/ncs/v2.8.0/nrfxlib/softdevice_controller/lib/nrf52/soft-float/libsoftdevice_controller_central.a(libsoftdevice_controller_s123_debug_soft__obfuscated.elf)
 .text          0x0000000000006edc       0x4c C:/ncs/v2.8.0/nrfxlib/softdevice_controller/lib/nrf52/soft-float/libsoftdevice_controller_central.a(libsoftdevice_controller_s123_debug_soft__obfuscated.elf)
 .text          0x0000000000006f28       0x50 C:/ncs/v2.8.0/nrfxlib/softdevice_controller/lib/nrf52/soft-float/libsoftdevice_controller_central.a(libsoftdevice_controller_s123_debug_soft__obfuscated.elf)
 .text          0x0000000000006f78       0x74 C:/ncs/v2.8.0/nrfxlib/softdevice_controller/lib/nrf52/soft-float/libsoftdevice_controller_central.a(libsoftdevice_controller_s123_debug_soft__obfuscated.elf)
                0x0000000000006f78                sym_RUQBFILZ5CHV2AAL6C3D2J5Y33TCCAPZTHBGZ3A
 .text          0x0000000000006fec       0x10 C:/ncs/v2.8.0/nrfxlib/softdevice_controller/lib/nrf52/soft-float/libsoftdevice_controller_central.a(libsoftdevice_controller_s123_debug_soft__obfuscated.elf)
                0x0000000000006fec                sym_DRIMECVE2FH7O6C2LQ25QRVJOICPHLA5GC6TM2I
 .text          0x0000000000006ffc        0xc C:/ncs/v2.8.0/nrfxlib/softdevice_controller/lib/nrf52/soft-float/libsoftdevice_controller_central.a(libsoftdevice_controller_s123_debug_soft__obfuscated.elf)
                0x0000000000006ffc                sym_ARLNRKQ66P65CL63VENK3NR6NFAZLWPJOOVV7RQ
 .text          0x0000000000007008       0x10 C:/ncs/v2.8.0/nrfxlib/softdevice_controller/lib/nrf52/soft-float/libsoftdevice_controller_central.a(libsoftdevice_controller_s123_debug_soft__obfuscated.elf)
                0x0000000000007008                sym_GI7KSEEMTJQ7HR2XTQJ6A3EAB54YYLMWKNL2RBA
 .text          0x0000000000007018       0x30 C:/ncs/v2.8.0/nrfxlib/softdevice_controller/lib/nrf52/soft-float/libsoftdevice_controller_central.a(libsoftdevice_controller_s123_debug_soft__obfuscated.elf)
                0x0000000000007018                sym_RSWA3KDPDNEX2QOFCEQGJOF7JZOR274BWTEY2JA
 .text          0x0000000000007048       0x48 C:/ncs/v2.8.0/nrfxlib/softdevice_controller/lib/nrf52/soft-float/libsoftdevice_controller_central.a(libsoftdevice_controller_s123_debug_soft__obfuscated.elf)
                0x0000000000007048                sym_5M4NZWSJ6BHHJZLT6EUU64HNZ2KEYYSTH2RKH5I
 .text          0x0000000000007090       0x58 C:/ncs/v2.8.0/nrfxlib/softdevice_controller/lib/nrf52/soft-float/libsoftdevice_controller_central.a(libsoftdevice_controller_s123_debug_soft__obfuscated.elf)
                0x0000000000007090                sym_5CHOZAQ75MOW32NPEGX5AYLDFVQR6HZCDXZY5PQ
 .text          0x00000000000070e8      0x13c C:/ncs/v2.8.0/nrfxlib/softdevice_controller/lib/nrf52/soft-float/libsoftdevice_controller_central.a(libsoftdevice_controller_s123_debug_soft__obfuscated.elf)
                0x00000000000070e8                sym_JQ5GTNCJKXERB3SSKQRXLQOKWJQVRNEOVZZZVXI
 .text          0x0000000000007224        0xc C:/ncs/v2.8.0/nrfxlib/softdevice_controller/lib/nrf52/soft-float/libsoftdevice_controller_central.a(libsoftdevice_controller_s123_debug_soft__obfuscated.elf)
                0x0000000000007224                sym_HE5JGYEZFIITGQL7PMATDHSORSCK7HJIY5UXOZA
 .text          0x0000000000007230       0x14 C:/ncs/v2.8.0/nrfxlib/softdevice_controller/lib/nrf52/soft-float/libsoftdevice_controller_central.a(libsoftdevice_controller_s123_debug_soft__obfuscated.elf)
                0x0000000000007230                sym_YLRTPBVG5ROXKOW4KXUYITRUY3FD2MVZW5LF7ZA
 .text          0x0000000000007244       0x38 C:/ncs/v2.8.0/nrfxlib/softdevice_controller/lib/nrf52/soft-float/libsoftdevice_controller_central.a(libsoftdevice_controller_s123_debug_soft__obfuscated.elf)
                0x0000000000007244                sym_GVSNNBZMBIJOMUA3FPIAVVC7S5MNBYUF4QELXZA
 .text          0x000000000000727c        0xc C:/ncs/v2.8.0/nrfxlib/softdevice_controller/lib/nrf52/soft-float/libsoftdevice_controller_central.a(libsoftdevice_controller_s123_debug_soft__obfuscated.elf)
                0x000000000000727c                sym_ZQE76VUU7S5U7DETTZA65E75LHFWL5PGRN4JPHI
 .text          0x0000000000007288       0xa4 C:/ncs/v2.8.0/nrfxlib/softdevice_controller/lib/nrf52/soft-float/libsoftdevice_controller_central.a(libsoftdevice_controller_s123_debug_soft__obfuscated.elf)
                0x0000000000007288                sym_6PPYXQQOLTVZ6DHASA45P4Y6MOJ5US37OHECCGI
 .text          0x000000000000732c      0x110 C:/ncs/v2.8.0/nrfxlib/softdevice_controller/lib/nrf52/soft-float/libsoftdevice_controller_central.a(libsoftdevice_controller_s123_debug_soft__obfuscated.elf)
                0x000000000000732c                sym_E7IS652W2J5N5UTHP752WOA4YNSR7E5S5H4J2AA
 .text          0x000000000000743c       0x9c C:/ncs/v2.8.0/nrfxlib/softdevice_controller/lib/nrf52/soft-float/libsoftdevice_controller_central.a(libsoftdevice_controller_s123_debug_soft__obfuscated.elf)
                0x000000000000743c                sym_A5S3P57NWYYY5XJWBYERU6H4QSVP5TCTU7HKA5Y
 .text          0x00000000000074d8       0x7c C:/ncs/v2.8.0/nrfxlib/softdevice_controller/lib/nrf52/soft-float/libsoftdevice_controller_central.a(libsoftdevice_controller_s123_debug_soft__obfuscated.elf)
                0x00000000000074d8                sym_2YSDS7VWGMSD5CN64D2VGQIYXBV3A6NJCHWFZEY
 .text          0x0000000000007554        0xc C:/ncs/v2.8.0/nrfxlib/softdevice_controller/lib/nrf52/soft-float/libsoftdevice_controller_central.a(libsoftdevice_controller_s123_debug_soft__obfuscated.elf)
                0x0000000000007554                sym_XD56LJG2JTRU4Q2V7WCY72EI3VTZICA3O4ERV2A
 .text          0x0000000000007560       0x10 C:/ncs/v2.8.0/nrfxlib/softdevice_controller/lib/nrf52/soft-float/libsoftdevice_controller_central.a(libsoftdevice_controller_s123_debug_soft__obfuscated.elf)
                0x0000000000007560                sym_YG4UROEKVB7ZBE5TWHLNJHYKSFBTXGBYAX3RXRI
 .text          0x0000000000007570       0x24 C:/ncs/v2.8.0/nrfxlib/softdevice_controller/lib/nrf52/soft-float/libsoftdevice_controller_central.a(libsoftdevice_controller_s123_debug_soft__obfuscated.elf)
                0x0000000000007570                sym_LPFN6QJEOHBT4AP2K7MEYWDZW35U5VHIHXOA54I
 .text          0x0000000000007594       0x48 C:/ncs/v2.8.0/nrfxlib/softdevice_controller/lib/nrf52/soft-float/libsoftdevice_controller_central.a(libsoftdevice_controller_s123_debug_soft__obfuscated.elf)
                0x0000000000007594                sym_Y6HXZQJARJ7FDWKGPREPQGRRGDOQMXHDALUK6KY
 .text          0x00000000000075dc       0x18 C:/ncs/v2.8.0/nrfxlib/softdevice_controller/lib/nrf52/soft-float/libsoftdevice_controller_central.a(libsoftdevice_controller_s123_debug_soft__obfuscated.elf)
                0x00000000000075dc                sym_RXYEX777ZXB2E2DXJWDBCV7AAHWTCHNTLOSENBY
 .text          0x00000000000075f4       0x1c C:/ncs/v2.8.0/nrfxlib/softdevice_controller/lib/nrf52/soft-float/libsoftdevice_controller_central.a(libsoftdevice_controller_s123_debug_soft__obfuscated.elf)
                0x00000000000075f4                sym_PCLF3MATC3G3MYGRPG4ATMGCS6N4B7M5CSF2C2Y
 .text          0x0000000000007610       0x18 C:/ncs/v2.8.0/nrfxlib/softdevice_controller/lib/nrf52/soft-float/libsoftdevice_controller_central.a(libsoftdevice_controller_s123_debug_soft__obfuscated.elf)
                0x0000000000007610                sym_EZCFQXKGAFHY5HQVJOXWDLO45XWMEJQY5WUGZNI
 .text          0x0000000000007628       0x40 C:/ncs/v2.8.0/nrfxlib/softdevice_controller/lib/nrf52/soft-float/libsoftdevice_controller_central.a(libsoftdevice_controller_s123_debug_soft__obfuscated.elf)
                0x0000000000007628                sym_2GNBSSSS7HPV6RZQ52VFCGRXSPA3KLWISQSF42I
 .text          0x0000000000007668       0x10 C:/ncs/v2.8.0/nrfxlib/softdevice_controller/lib/nrf52/soft-float/libsoftdevice_controller_central.a(libsoftdevice_controller_s123_debug_soft__obfuscated.elf)
                0x0000000000007668                sym_VEC44ISWPJAJ32J57NYIBEMC7Q6QEP7J6SVR4BQ
 .text          0x0000000000007678      0x264 C:/ncs/v2.8.0/nrfxlib/softdevice_controller/lib/nrf52/soft-float/libsoftdevice_controller_central.a(libsoftdevice_controller_s123_debug_soft__obfuscated.elf)
                0x0000000000007678                sym_EMR2H7KEGRFFKS6A4P3ZPPGOJSTVXLGRI25MEYQ
 .text          0x00000000000078dc       0x10 C:/ncs/v2.8.0/nrfxlib/softdevice_controller/lib/nrf52/soft-float/libsoftdevice_controller_central.a(libsoftdevice_controller_s123_debug_soft__obfuscated.elf)
                0x00000000000078dc                sym_V67AIMSO57NYVNGXZF2PDQSJQJLITHU4KD4CKAY
 .text          0x00000000000078ec        0xc C:/ncs/v2.8.0/nrfxlib/softdevice_controller/lib/nrf52/soft-float/libsoftdevice_controller_central.a(libsoftdevice_controller_s123_debug_soft__obfuscated.elf)
                0x00000000000078ec                sym_UX6VBOIQ7ULLMX3I6UDFOFZ6IT2DVZKKVIEVRMY
 .text          0x00000000000078f8       0x10 C:/ncs/v2.8.0/nrfxlib/softdevice_controller/lib/nrf52/soft-float/libsoftdevice_controller_central.a(libsoftdevice_controller_s123_debug_soft__obfuscated.elf)
                0x00000000000078f8                sym_L4JTLGMK2AWYAAPRB3O77773SG36X2NTZJ3FAHA
 .text          0x0000000000007908       0x1c C:/ncs/v2.8.0/nrfxlib/softdevice_controller/lib/nrf52/soft-float/libsoftdevice_controller_central.a(libsoftdevice_controller_s123_debug_soft__obfuscated.elf)
                0x0000000000007908                sym_WD6EQ3FQVKOAARDWHQJJC5SVKHQS7A2MF5YDCPA
 .text          0x0000000000007924       0x1c C:/ncs/v2.8.0/nrfxlib/softdevice_controller/lib/nrf52/soft-float/libsoftdevice_controller_central.a(libsoftdevice_controller_s123_debug_soft__obfuscated.elf)
                0x0000000000007924                sym_WGW6HZ6PNLYQSUJALICWZO27AY5UJWYCU6B6ACI
 .text          0x0000000000007940       0x34 C:/ncs/v2.8.0/nrfxlib/softdevice_controller/lib/nrf52/soft-float/libsoftdevice_controller_central.a(libsoftdevice_controller_s123_debug_soft__obfuscated.elf)
                0x0000000000007940                sym_7VLVVPDI26BVJ64XQBSGXOQYGQA4VH5APIPDGYA
 .text          0x0000000000007974       0x38 C:/ncs/v2.8.0/nrfxlib/softdevice_controller/lib/nrf52/soft-float/libsoftdevice_controller_central.a(libsoftdevice_controller_s123_debug_soft__obfuscated.elf)
                0x0000000000007974                sym_55XNA7W2CQFJPCH62ZAKHLPISYHJ7KMNREEN6EA
 .text          0x00000000000079ac       0xa0 C:/ncs/v2.8.0/nrfxlib/softdevice_controller/lib/nrf52/soft-float/libsoftdevice_controller_central.a(libsoftdevice_controller_s123_debug_soft__obfuscated.elf)
                0x00000000000079ac                sym_472GCM45ITLH5GOXITRUEUJXOU6SPVHTMEVFHWQ
 .text          0x0000000000007a4c        0xc C:/ncs/v2.8.0/nrfxlib/mpsl/fem/common/lib/nrf52/soft-float/libmpsl_fem_common.a(libmpsl_fem_common_debug_soft__obfuscated.elf)
                0x0000000000007a4c                mpsl_fem_enable
 .text          0x0000000000007a58        0xc C:/ncs/v2.8.0/nrfxlib/mpsl/fem/common/lib/nrf52/soft-float/libmpsl_fem_common.a(libmpsl_fem_common_debug_soft__obfuscated.elf)
                0x0000000000007a58                mpsl_fem_disable
 .text          0x0000000000007a64        0xc C:/ncs/v2.8.0/nrfxlib/mpsl/fem/common/lib/nrf52/soft-float/libmpsl_fem_common.a(libmpsl_fem_common_debug_soft__obfuscated.elf)
                0x0000000000007a64                mpsl_fem_pa_configuration_set
 .text          0x0000000000007a70        0xc C:/ncs/v2.8.0/nrfxlib/mpsl/fem/common/lib/nrf52/soft-float/libmpsl_fem_common.a(libmpsl_fem_common_debug_soft__obfuscated.elf)
                0x0000000000007a70                mpsl_fem_lna_configuration_set
 .text          0x0000000000007a7c        0xc C:/ncs/v2.8.0/nrfxlib/mpsl/fem/common/lib/nrf52/soft-float/libmpsl_fem_common.a(libmpsl_fem_common_debug_soft__obfuscated.elf)
                0x0000000000007a7c                mpsl_fem_pa_configuration_clear
 .text          0x0000000000007a88        0xc C:/ncs/v2.8.0/nrfxlib/mpsl/fem/common/lib/nrf52/soft-float/libmpsl_fem_common.a(libmpsl_fem_common_debug_soft__obfuscated.elf)
                0x0000000000007a88                mpsl_fem_lna_configuration_clear
 .text          0x0000000000007a94        0xc C:/ncs/v2.8.0/nrfxlib/mpsl/fem/common/lib/nrf52/soft-float/libmpsl_fem_common.a(libmpsl_fem_common_debug_soft__obfuscated.elf)
                0x0000000000007a94                mpsl_fem_pa_power_control_set
 .text          0x0000000000007aa0       0x14 C:/ncs/v2.8.0/nrfxlib/mpsl/fem/common/lib/nrf52/soft-float/libmpsl_fem_common.a(libmpsl_fem_common_debug_soft__obfuscated.elf)
                0x0000000000007aa0                mpsl_fem_tx_power_split
 .text          0x0000000000007ab4        0xc C:/ncs/v2.8.0/nrfxlib/mpsl/fem/common/lib/nrf52/soft-float/libmpsl_fem_common.a(libmpsl_fem_common_debug_soft__obfuscated.elf)
                0x0000000000007ab4                mpsl_fem_device_config_254_apply_get
 .text          0x0000000000007ac0       0x44 C:/ncs/v2.8.0/nrfxlib/mpsl/fem/common/lib/nrf52/soft-float/libmpsl_fem_common.a(libmpsl_fem_common_debug_soft__obfuscated.elf)
                0x0000000000007ac0                mpsl_fem_utils_available_cc_channels_cache
 .text          0x0000000000007b04        0xc C:/ncs/v2.8.0/nrfxlib/mpsl/lib/nrf52/soft-float/libmpsl.a(libmpsl_debug_soft__obfuscated.elf)
                0x0000000000007b04                sym_3NUECOSAIC227DBCPHAP4U7EQ3UBTGANU5ASIOA
 .text          0x0000000000007b10       0x34 C:/ncs/v2.8.0/nrfxlib/mpsl/lib/nrf52/soft-float/libmpsl.a(libmpsl_debug_soft__obfuscated.elf)
                0x0000000000007b10                sym_QLJBNB55XHXGY3EZ4W3ZZ3U6AVPE2YGDOXRUZSQ
 .text          0x0000000000007b44       0x54 C:/ncs/v2.8.0/nrfxlib/mpsl/lib/nrf52/soft-float/libmpsl.a(libmpsl_debug_soft__obfuscated.elf)
                0x0000000000007b44                sym_VWOYI7XCNXBFVPWSS6WFJ2CWKPJYCMRRQTU7QWQ
 .text          0x0000000000007b98       0x20 C:/ncs/v2.8.0/nrfxlib/mpsl/lib/nrf52/soft-float/libmpsl.a(libmpsl_debug_soft__obfuscated.elf)
                0x0000000000007b98                mpsl_tx_power_radio_supported_power_adjust
 .text          0x0000000000007bb8       0x80 C:/ncs/v2.8.0/nrfxlib/mpsl/lib/nrf52/soft-float/libmpsl.a(libmpsl_debug_soft__obfuscated.elf)
                0x0000000000007bb8                sym_JBMIQXYLJQQB56KLSIZ2WVKBMEMRZHLRBGLEPTA
 .text          0x0000000000007c38       0x18 C:/ncs/v2.8.0/nrfxlib/mpsl/lib/nrf52/soft-float/libmpsl.a(libmpsl_debug_soft__obfuscated.elf)
                0x0000000000007c38                sym_XK3TMLCZALCYYWGULGHQIRSOBMPIIPJ7HEMOZIQ
 .text          0x0000000000007c50        0xc C:/ncs/v2.8.0/nrfxlib/mpsl/lib/nrf52/soft-float/libmpsl.a(libmpsl_debug_soft__obfuscated.elf)
                0x0000000000007c50                sym_PIRI3CTIHOPR5MPDQRHBJRRZEA2NVOD4J3GXGOA
 .text          0x0000000000007c5c       0x1c C:/ncs/v2.8.0/nrfxlib/mpsl/lib/nrf52/soft-float/libmpsl.a(libmpsl_debug_soft__obfuscated.elf)